Archive member included to satisfy reference by file (symbol)

c:/tools/gcc-arm-none-eabi-10.3-2021.10-win32/gcc-arm-none-eabi-10.3-2021.10/bin/../lib/gcc/arm-none-eabi/10.3.1/../../../../arm-none-eabi/lib/thumb/v7e-m+fp/hard\libc_nano.a(lib_a-exit.o)
                              c:/tools/gcc-arm-none-eabi-10.3-2021.10-win32/gcc-arm-none-eabi-10.3-2021.10/bin/../lib/gcc/arm-none-eabi/10.3.1/../../../../arm-none-eabi/lib/thumb/v7e-m+fp/hard/crt0.o (exit)
c:/tools/gcc-arm-none-eabi-10.3-2021.10-win32/gcc-arm-none-eabi-10.3-2021.10/bin/../lib/gcc/arm-none-eabi/10.3.1/../../../../arm-none-eabi/lib/thumb/v7e-m+fp/hard\libc_nano.a(lib_a-impure.o)
                              c:/tools/gcc-arm-none-eabi-10.3-2021.10-win32/gcc-arm-none-eabi-10.3-2021.10/bin/../lib/gcc/arm-none-eabi/10.3.1/../../../../arm-none-eabi/lib/thumb/v7e-m+fp/hard\libc_nano.a(lib_a-exit.o) (_global_impure_ptr)
c:/tools/gcc-arm-none-eabi-10.3-2021.10-win32/gcc-arm-none-eabi-10.3-2021.10/bin/../lib/gcc/arm-none-eabi/10.3.1/../../../../arm-none-eabi/lib/thumb/v7e-m+fp/hard\libc_nano.a(lib_a-init.o)
                              c:/tools/gcc-arm-none-eabi-10.3-2021.10-win32/gcc-arm-none-eabi-10.3-2021.10/bin/../lib/gcc/arm-none-eabi/10.3.1/../../../../arm-none-eabi/lib/thumb/v7e-m+fp/hard/crt0.o (__libc_init_array)
c:/tools/gcc-arm-none-eabi-10.3-2021.10-win32/gcc-arm-none-eabi-10.3-2021.10/bin/../lib/gcc/arm-none-eabi/10.3.1/../../../../arm-none-eabi/lib/thumb/v7e-m+fp/hard\libc_nano.a(lib_a-memset.o)
                              c:/tools/gcc-arm-none-eabi-10.3-2021.10-win32/gcc-arm-none-eabi-10.3-2021.10/bin/../lib/gcc/arm-none-eabi/10.3.1/../../../../arm-none-eabi/lib/thumb/v7e-m+fp/hard/crt0.o (memset)
c:/tools/gcc-arm-none-eabi-10.3-2021.10-win32/gcc-arm-none-eabi-10.3-2021.10/bin/../lib/gcc/arm-none-eabi/10.3.1/../../../../arm-none-eabi/lib/thumb/v7e-m+fp/hard\libnosys.a(_exit.o)
                              c:/tools/gcc-arm-none-eabi-10.3-2021.10-win32/gcc-arm-none-eabi-10.3-2021.10/bin/../lib/gcc/arm-none-eabi/10.3.1/../../../../arm-none-eabi/lib/thumb/v7e-m+fp/hard\libc_nano.a(lib_a-exit.o) (_exit)
c:/tools/gcc-arm-none-eabi-10.3-2021.10-win32/gcc-arm-none-eabi-10.3-2021.10/bin/../lib/gcc/arm-none-eabi/10.3.1/thumb/v7e-m+fp/hard\libgcc.a(_aeabi_uldivmod.o)
                              build/stm32l4xx_hal_uart.o (__aeabi_uldivmod)
c:/tools/gcc-arm-none-eabi-10.3-2021.10-win32/gcc-arm-none-eabi-10.3-2021.10/bin/../lib/gcc/arm-none-eabi/10.3.1/thumb/v7e-m+fp/hard\libgcc.a(_udivmoddi4.o)
                              c:/tools/gcc-arm-none-eabi-10.3-2021.10-win32/gcc-arm-none-eabi-10.3-2021.10/bin/../lib/gcc/arm-none-eabi/10.3.1/thumb/v7e-m+fp/hard\libgcc.a(_aeabi_uldivmod.o) (__udivmoddi4)
c:/tools/gcc-arm-none-eabi-10.3-2021.10-win32/gcc-arm-none-eabi-10.3-2021.10/bin/../lib/gcc/arm-none-eabi/10.3.1/thumb/v7e-m+fp/hard\libgcc.a(_dvmd_tls.o)
                              c:/tools/gcc-arm-none-eabi-10.3-2021.10-win32/gcc-arm-none-eabi-10.3-2021.10/bin/../lib/gcc/arm-none-eabi/10.3.1/thumb/v7e-m+fp/hard\libgcc.a(_aeabi_uldivmod.o) (__aeabi_ldiv0)

Discarded input sections

 .text          0x00000000        0x0 c:/tools/gcc-arm-none-eabi-10.3-2021.10-win32/gcc-arm-none-eabi-10.3-2021.10/bin/../lib/gcc/arm-none-eabi/10.3.1/thumb/v7e-m+fp/hard/crti.o
 .data          0x00000000        0x0 c:/tools/gcc-arm-none-eabi-10.3-2021.10-win32/gcc-arm-none-eabi-10.3-2021.10/bin/../lib/gcc/arm-none-eabi/10.3.1/thumb/v7e-m+fp/hard/crti.o
 .bss           0x00000000        0x0 c:/tools/gcc-arm-none-eabi-10.3-2021.10-win32/gcc-arm-none-eabi-10.3-2021.10/bin/../lib/gcc/arm-none-eabi/10.3.1/thumb/v7e-m+fp/hard/crti.o
 .data          0x00000000        0x4 c:/tools/gcc-arm-none-eabi-10.3-2021.10-win32/gcc-arm-none-eabi-10.3-2021.10/bin/../lib/gcc/arm-none-eabi/10.3.1/thumb/v7e-m+fp/hard/crtbegin.o
 .rodata        0x00000000       0x24 c:/tools/gcc-arm-none-eabi-10.3-2021.10-win32/gcc-arm-none-eabi-10.3-2021.10/bin/../lib/gcc/arm-none-eabi/10.3.1/thumb/v7e-m+fp/hard/crtbegin.o
 .text          0x00000000       0x7c c:/tools/gcc-arm-none-eabi-10.3-2021.10-win32/gcc-arm-none-eabi-10.3-2021.10/bin/../lib/gcc/arm-none-eabi/10.3.1/../../../../arm-none-eabi/lib/thumb/v7e-m+fp/hard/crt0.o
 .data          0x00000000        0x0 c:/tools/gcc-arm-none-eabi-10.3-2021.10-win32/gcc-arm-none-eabi-10.3-2021.10/bin/../lib/gcc/arm-none-eabi/10.3.1/../../../../arm-none-eabi/lib/thumb/v7e-m+fp/hard/crt0.o
 .bss           0x00000000        0x0 c:/tools/gcc-arm-none-eabi-10.3-2021.10-win32/gcc-arm-none-eabi-10.3-2021.10/bin/../lib/gcc/arm-none-eabi/10.3.1/../../../../arm-none-eabi/lib/thumb/v7e-m+fp/hard/crt0.o
 .ARM.extab     0x00000000        0x0 c:/tools/gcc-arm-none-eabi-10.3-2021.10-win32/gcc-arm-none-eabi-10.3-2021.10/bin/../lib/gcc/arm-none-eabi/10.3.1/../../../../arm-none-eabi/lib/thumb/v7e-m+fp/hard/crt0.o
[...]
Memory Configuration

Name             Origin             Length             Attributes
RAM              0x20000000         0x00018000         xrw
RAM2             0x10000000         0x00008000         xrw
FLASH            0x08000000         0x00100000         xr
*default*        0x00000000         0xffffffff

Linker script and memory map

LOAD c:/tools/gcc-arm-none-eabi-10.3-2021.10-win32/gcc-arm-none-eabi-10.3-2021.10/bin/../lib/gcc/arm-none-eabi/10.3.1/thumb/v7e-m+fp/hard/crti.o
LOAD c:/tools/gcc-arm-none-eabi-10.3-2021.10-win32/gcc-arm-none-eabi-10.3-2021.10/bin/../lib/gcc/arm-none-eabi/10.3.1/thumb/v7e-m+fp/hard/crtbegin.o
LOAD c:/tools/gcc-arm-none-eabi-10.3-2021.10-win32/gcc-arm-none-eabi-10.3-2021.10/bin/../lib/gcc/arm-none-eabi/10.3.1/../../../../arm-none-eabi/lib/thumb/v7e-m+fp/hard/crt0.o
LOAD build/main.o
LOAD build/stm32l4xx_it.o
LOAD build/stm32l4xx_hal_msp.o
LOAD build/stm32l4xx_hal_dfsdm.o
LOAD build/stm32l4xx_hal.o
LOAD build/stm32l4xx_hal_i2c.o
LOAD build/stm32l4xx_hal_i2c_ex.o
LOAD build/stm32l4xx_hal_rcc.o
LOAD build/stm32l4xx_hal_rcc_ex.o
LOAD build/stm32l4xx_hal_flash.o
LOAD build/stm32l4xx_hal_flash_ex.o
LOAD build/stm32l4xx_hal_flash_ramfunc.o
LOAD build/stm32l4xx_hal_gpio.o
LOAD build/stm32l4xx_hal_dma.o
LOAD build/stm32l4xx_hal_dma_ex.o
LOAD build/stm32l4xx_hal_pwr.o
LOAD build/stm32l4xx_hal_pwr_ex.o
LOAD build/stm32l4xx_hal_cortex.o
LOAD build/stm32l4xx_hal_exti.o
LOAD build/stm32l4xx_hal_qspi.o
LOAD build/stm32l4xx_hal_spi.o
LOAD build/stm32l4xx_hal_spi_ex.o
LOAD build/stm32l4xx_hal_tim.o
LOAD build/stm32l4xx_hal_tim_ex.o
LOAD build/stm32l4xx_hal_uart.o
LOAD build/stm32l4xx_hal_uart_ex.o
LOAD build/stm32l4xx_hal_pcd.o
LOAD build/stm32l4xx_hal_pcd_ex.o
LOAD build/stm32l4xx_ll_usb.o
LOAD build/system_stm32l4xx.o
LOAD build/gpio.o
LOAD build/dfsdm.o
LOAD build/i2c.o
LOAD build/quadspi.o
LOAD build/spi.o
LOAD build/usart.o
LOAD build/usb_otg.o
LOAD build/HAL_GPIO.o
LOAD build/startup_stm32l475xx.o
LOAD c:/tools/gcc-arm-none-eabi-10.3-2021.10-win32/gcc-arm-none-eabi-10.3-2021.10/bin/../lib/gcc/arm-none-eabi/10.3.1/../../../../arm-none-eabi/lib/thumb/v7e-m+fp/hard\libc_nano.a
LOAD c:/tools/gcc-arm-none-eabi-10.3-2021.10-win32/gcc-arm-none-eabi-10.3-2021.10/bin/../lib/gcc/arm-none-eabi/10.3.1/../../../../arm-none-eabi/lib/thumb/v7e-m+fp/hard\libm.a
LOAD c:/tools/gcc-arm-none-eabi-10.3-2021.10-win32/gcc-arm-none-eabi-10.3-2021.10/bin/../lib/gcc/arm-none-eabi/10.3.1/../../../../arm-none-eabi/lib/thumb/v7e-m+fp/hard\libnosys.a
START GROUP
LOAD c:/tools/gcc-arm-none-eabi-10.3-2021.10-win32/gcc-arm-none-eabi-10.3-2021.10/bin/../lib/gcc/arm-none-eabi/10.3.1/thumb/v7e-m+fp/hard\libgcc.a
LOAD c:/tools/gcc-arm-none-eabi-10.3-2021.10-win32/gcc-arm-none-eabi-10.3-2021.10/bin/../lib/gcc/arm-none-eabi/10.3.1/../../../../arm-none-eabi/lib/thumb/v7e-m+fp/hard\libc_nano.a
END GROUP
START GROUP
LOAD c:/tools/gcc-arm-none-eabi-10.3-2021.10-win32/gcc-arm-none-eabi-10.3-2021.10/bin/../lib/gcc/arm-none-eabi/10.3.1/thumb/v7e-m+fp/hard\libgcc.a
LOAD c:/tools/gcc-arm-none-eabi-10.3-2021.10-win32/gcc-arm-none-eabi-10.3-2021.10/bin/../lib/gcc/arm-none-eabi/10.3.1/../../../../arm-none-eabi/lib/thumb/v7e-m+fp/hard\libc_nano.a
END GROUP
LOAD c:/tools/gcc-arm-none-eabi-10.3-2021.10-win32/gcc-arm-none-eabi-10.3-2021.10/bin/../lib/gcc/arm-none-eabi/10.3.1/thumb/v7e-m+fp/hard/crtend.o
LOAD c:/tools/gcc-arm-none-eabi-10.3-2021.10-win32/gcc-arm-none-eabi-10.3-2021.10/bin/../lib/gcc/arm-none-eabi/10.3.1/thumb/v7e-m+fp/hard/crtn.o
                0x20018000                _estack = (ORIGIN (RAM) + LENGTH (RAM))
                0x00000200                _Min_Heap_Size = 0x200
                0x00000400                _Min_Stack_Size = 0x400

.isr_vector     0x08000000      0x188
                0x08000000                . = ALIGN (0x8)
 *(.isr_vector)
 .isr_vector    0x08000000      0x188 build/startup_stm32l475xx.o
                0x08000000                g_pfnVectors
                0x08000188                . = ALIGN (0x8)

.text           0x08000188      0x4e0
                0x08000188                . = ALIGN (0x8)
 *(.text)
 .text          0x08000188       0x40 c:/tools/gcc-arm-none-eabi-10.3-2021.10-win32/gcc-arm-none-eabi-10.3-2021.10/bin/../lib/gcc/arm-none-eabi/10.3.1/thumb/v7e-m+fp/hard/crtbegin.o
 *(.text*)
 .text.main     0x080001c8       0x48 build/main.o
                0x080001c8                main
 .text.NMI_Handler
                0x08000210        0x2 build/stm32l4xx_it.o
                0x08000210                NMI_Handler
 .text.HardFault_Handler
                0x08000212        0x2 build/stm32l4xx_it.o
                0x08000212                HardFault_Handler
 .text.MemManage_Handler
                0x08000214        0x2 build/stm32l4xx_it.o
                0x08000214                MemManage_Handler
 .text.BusFault_Handler
                0x08000216        0x2 build/stm32l4xx_it.o
                0x08000216                BusFault_Handler
 .text.UsageFault_Handler
                0x08000218        0x2 build/stm32l4xx_it.o
                0x08000218                UsageFault_Handler
 .text.SVC_Handler
                0x0800021a        0x2 build/stm32l4xx_it.o
                0x0800021a                SVC_Handler
 .text.DebugMon_Handler
                0x0800021c        0x2 build/stm32l4xx_it.o
                0x0800021c                DebugMon_Handler
 .text.PendSV_Handler
                0x0800021e        0x2 build/stm32l4xx_it.o
                0x0800021e                PendSV_Handler
 .text.SysTick_Handler
                0x08000220        0x8 build/stm32l4xx_it.o
                0x08000220                SysTick_Handler
 .text.EXTI9_5_IRQHandler
                0x08000228       0x1e build/stm32l4xx_it.o
                0x08000228                EXTI9_5_IRQHandler
 .text.EXTI15_10_IRQHandler
                0x08000246       0x2c build/stm32l4xx_it.o
                0x08000246                EXTI15_10_IRQHandler
 *fill*         0x08000272        0x2 
 .text.HAL_MspInit
                0x08000274       0x30 build/stm32l4xx_hal_msp.o
                0x08000274                HAL_MspInit
 .text.HAL_InitTick
                0x080002a4       0x50 build/stm32l4xx_hal.o
                0x080002a4                HAL_InitTick
 .text.HAL_Init
                0x080002f4       0x1e build/stm32l4xx_hal.o
                0x080002f4                HAL_Init
 *fill*         0x08000312        0x2 
 .text.HAL_IncTick
                0x08000314       0x18 build/stm32l4xx_hal.o
                0x08000314                HAL_IncTick
 .text.HAL_GetTick
                0x0800032c        0xc build/stm32l4xx_hal.o
                0x0800032c                HAL_GetTick
 .text.HAL_Delay
                0x08000338       0x28 build/stm32l4xx_hal.o
                0x08000338                HAL_Delay
 .text.HAL_GPIO_WritePin
                0x08000360        0xa build/stm32l4xx_hal_gpio.o
                0x08000360                HAL_GPIO_WritePin
 *fill*         0x0800036a        0x2 
 .text.HAL_GPIO_EXTI_IRQHandler
                0x0800036c       0x1c build/stm32l4xx_hal_gpio.o
                0x0800036c                HAL_GPIO_EXTI_IRQHandler
 .text.HAL_NVIC_SetPriorityGrouping
                0x08000388       0x24 build/stm32l4xx_hal_cortex.o
                0x08000388                HAL_NVIC_SetPriorityGrouping
 .text.HAL_NVIC_SetPriority
                0x080003ac       0x70 build/stm32l4xx_hal_cortex.o
                0x080003ac                HAL_NVIC_SetPriority
 .text.HAL_SYSTICK_Config
                0x0800041c       0x28 build/stm32l4xx_hal_cortex.o
                0x0800041c                HAL_SYSTICK_Config
 .text.SystemInit
                0x08000444       0x14 build/system_stm32l4xx.o
                0x08000444                SystemInit
 .text.HAL_GPIO_EXTI_Callback
                0x08000458       0x40 build/gpio.o
                0x08000458                HAL_GPIO_EXTI_Callback
 .text.config_pin
                0x08000498       0x34 build/HAL_GPIO.o
 .text.config_pin_speed
                0x080004cc       0x1c build/HAL_GPIO.o
 .text.config_output_type
                0x080004e8        0xa build/HAL_GPIO.o
 *fill*         0x080004f2        0x2 
 .text.config_pu_pd
                0x080004f4       0x1c build/HAL_GPIO.o
 .text.gpio_toggle
                0x08000510        0xc build/HAL_GPIO.o
                0x08000510                gpio_toggle
 .text.gpio_init
                0x0800051c       0x98 build/HAL_GPIO.o
                0x0800051c                gpio_init
 .text.Reset_Handler
                0x080005b4       0x50 build/startup_stm32l475xx.o
                0x080005b4                Reset_Handler
 .text.Default_Handler
                0x08000604        0x2 build/startup_stm32l475xx.o
                0x08000604                RTC_Alarm_IRQHandler
                0x08000604                EXTI2_IRQHandler
                0x08000604                TIM8_TRG_COM_IRQHandler
                0x08000604                TIM8_CC_IRQHandler
                0x08000604                TIM1_CC_IRQHandler
                0x08000604                TSC_IRQHandler
                0x08000604                TAMP_STAMP_IRQHandler
                0x08000604                EXTI3_IRQHandler
                0x08000604                LPTIM2_IRQHandler
                0x08000604                DFSDM1_FLT1_IRQHandler
                0x08000604                I2C3_ER_IRQHandler
                0x08000604                DFSDM1_FLT2_IRQHandler
                0x08000604                EXTI0_IRQHandler
                0x08000604                I2C2_EV_IRQHandler
                0x08000604                CAN1_RX0_IRQHandler
                0x08000604                FPU_IRQHandler
                0x08000604                TIM1_UP_TIM16_IRQHandler
                0x08000604                ADC1_2_IRQHandler
                0x08000604                SPI1_IRQHandler
                0x08000604                TIM6_DAC_IRQHandler
                0x08000604                TIM8_UP_IRQHandler
                0x08000604                DMA2_Channel2_IRQHandler
                0x08000604                DMA1_Channel4_IRQHandler
                0x08000604                SAI2_IRQHandler
                0x08000604                DFSDM1_FLT3_IRQHandler
                0x08000604                USART3_IRQHandler
                0x08000604                DMA1_Channel7_IRQHandler
                0x08000604                CAN1_RX1_IRQHandler
                0x08000604                UART5_IRQHandler
                0x08000604                ADC3_IRQHandler
                0x08000604                TIM4_IRQHandler
                0x08000604                DMA2_Channel1_IRQHandler
                0x08000604                QUADSPI_IRQHandler
                0x08000604                I2C1_EV_IRQHandler
                0x08000604                DMA1_Channel6_IRQHandler
                0x08000604                UART4_IRQHandler
                0x08000604                DMA2_Channel4_IRQHandler
                0x08000604                TIM3_IRQHandler
                0x08000604                RCC_IRQHandler
                0x08000604                DMA1_Channel1_IRQHandler
                0x08000604                Default_Handler
                0x08000604                DMA2_Channel7_IRQHandler
                0x08000604                TIM7_IRQHandler
                0x08000604                SDMMC1_IRQHandler
                0x08000604                TIM5_IRQHandler
                0x08000604                I2C3_EV_IRQHandler
                0x08000604                RTC_WKUP_IRQHandler
                0x08000604                PVD_PVM_IRQHandler
                0x08000604                SPI2_IRQHandler
                0x08000604                CAN1_TX_IRQHandler
                0x08000604                DMA2_Channel5_IRQHandler
                0x08000604                DMA1_Channel5_IRQHandler
                0x08000604                EXTI4_IRQHandler
                0x08000604                RNG_IRQHandler
                0x08000604                TIM1_TRG_COM_TIM17_IRQHandler
                0x08000604                DMA1_Channel3_IRQHandler
                0x08000604                COMP_IRQHandler
                0x08000604                WWDG_IRQHandler
                0x08000604                LPUART1_IRQHandler
                0x08000604                DMA2_Channel6_IRQHandler
                0x08000604                TIM2_IRQHandler
                0x08000604                EXTI1_IRQHandler
                0x08000604                USART2_IRQHandler
                0x08000604                DFSDM1_FLT0_IRQHandler
                0x08000604                I2C2_ER_IRQHandler
                0x08000604                DMA1_Channel2_IRQHandler
                0x08000604                TIM8_BRK_IRQHandler
                0x08000604                CAN1_SCE_IRQHandler
                0x08000604                FLASH_IRQHandler
                0x08000604                USART1_IRQHandler
                0x08000604                OTG_FS_IRQHandler
                0x08000604                SPI3_IRQHandler
                0x08000604                I2C1_ER_IRQHandler
                0x08000604                FMC_IRQHandler
                0x08000604                SWPMI1_IRQHandler
                0x08000604                LPTIM1_IRQHandler
                0x08000604                SAI1_IRQHandler
                0x08000604                DMA2_Channel3_IRQHandler
                0x08000604                TIM1_BRK_TIM15_IRQHandler
 *fill*         0x08000606        0x2 
 .text.__libc_init_array
                0x08000608       0x48 c:/tools/gcc-arm-none-eabi-10.3-2021.10-win32/gcc-arm-none-eabi-10.3-2021.10/bin/../lib/gcc/arm-none-eabi/10.3.1/../../../../arm-none-eabi/lib/thumb/v7e-m+fp/hard\libc_nano.a(lib_a-init.o)
                0x08000608                __libc_init_array
 *(.glue_7)
 .glue_7        0x08000650        0x0 linker stubs
 *(.glue_7t)
 .glue_7t       0x08000650        0x0 linker stubs
 *(.eh_frame)
 .eh_frame      0x08000650        0x0 c:/tools/gcc-arm-none-eabi-10.3-2021.10-win32/gcc-arm-none-eabi-10.3-2021.10/bin/../lib/gcc/arm-none-eabi/10.3.1/thumb/v7e-m+fp/hard/crtbegin.o
 *(.init)
 .init          0x08000650        0x4 c:/tools/gcc-arm-none-eabi-10.3-2021.10-win32/gcc-arm-none-eabi-10.3-2021.10/bin/../lib/gcc/arm-none-eabi/10.3.1/thumb/v7e-m+fp/hard/crti.o
                0x08000650                _init
 .init          0x08000654        0x8 c:/tools/gcc-arm-none-eabi-10.3-2021.10-win32/gcc-arm-none-eabi-10.3-2021.10/bin/../lib/gcc/arm-none-eabi/10.3.1/thumb/v7e-m+fp/hard/crtn.o
 *(.fini)
 .fini          0x0800065c        0x4 c:/tools/gcc-arm-none-eabi-10.3-2021.10-win32/gcc-arm-none-eabi-10.3-2021.10/bin/../lib/gcc/arm-none-eabi/10.3.1/thumb/v7e-m+fp/hard/crti.o
                0x0800065c                _fini
 .fini          0x08000660        0x8 c:/tools/gcc-arm-none-eabi-10.3-2021.10-win32/gcc-arm-none-eabi-10.3-2021.10/bin/../lib/gcc/arm-none-eabi/10.3.1/thumb/v7e-m+fp/hard/crtn.o
                0x08000668                . = ALIGN (0x8)
                0x08000668                _etext = .

.vfp11_veneer   0x08000668        0x0
 .vfp11_veneer  0x08000668        0x0 linker stubs

.v4_bx          0x08000668        0x0
 .v4_bx         0x08000668        0x0 linker stubs

.iplt           0x08000668        0x0
 .iplt          0x08000668        0x0 c:/tools/gcc-arm-none-eabi-10.3-2021.10-win32/gcc-arm-none-eabi-10.3-2021.10/bin/../lib/gcc/arm-none-eabi/10.3.1/thumb/v7e-m+fp/hard/crtbegin.o

.rel.dyn        0x08000668        0x0
 .rel.iplt      0x08000668        0x0 c:/tools/gcc-arm-none-eabi-10.3-2021.10-win32/gcc-arm-none-eabi-10.3-2021.10/bin/../lib/gcc/arm-none-eabi/10.3.1/thumb/v7e-m+fp/hard/crtbegin.o

.rodata         0x08000668        0x0
                0x08000668                . = ALIGN (0x8)
 *(.rodata)
 *(.rodata*)
                0x08000668                . = ALIGN (0x8)

.ARM.extab      0x08000668        0x0
                0x08000668                . = ALIGN (0x8)
 *(.ARM.extab* .gnu.linkonce.armextab.*)
                0x08000668                . = ALIGN (0x8)

.ARM            0x08000668        0x0
                0x08000668                . = ALIGN (0x8)
                0x08000668                __exidx_start = .
 *(.ARM.exidx*)
                0x08000668                __exidx_end = .
                0x08000668                . = ALIGN (0x8)

.preinit_array  0x08000668        0x0
                0x08000668                . = ALIGN (0x8)
                0x08000668                PROVIDE (__preinit_array_start = .)
 *(.preinit_array*)
                0x08000668                PROVIDE (__preinit_array_end = .)
                0x08000668                . = ALIGN (0x8)

.init_array     0x08000668        0x8
                0x08000668                . = ALIGN (0x8)
                0x08000668                PROVIDE (__init_array_start = .)
 *(SORT_BY_NAME(.init_array.*))
 *(.init_array*)
 .init_array    0x08000668        0x4 c:/tools/gcc-arm-none-eabi-10.3-2021.10-win32/gcc-arm-none-eabi-10.3-2021.10/bin/../lib/gcc/arm-none-eabi/10.3.1/thumb/v7e-m+fp/hard/crtbegin.o
                0x0800066c                PROVIDE (__init_array_end = .)
                0x08000670                . = ALIGN (0x8)
 *fill*         0x0800066c        0x4 

.fini_array     0x08000670        0x8
                0x08000670                . = ALIGN (0x8)
                [!provide]                PROVIDE (__fini_array_start = .)
 *(SORT_BY_NAME(.fini_array.*))
 *(.fini_array*)
 .fini_array    0x08000670        0x4 c:/tools/gcc-arm-none-eabi-10.3-2021.10-win32/gcc-arm-none-eabi-10.3-2021.10/bin/../lib/gcc/arm-none-eabi/10.3.1/thumb/v7e-m+fp/hard/crtbegin.o
                [!provide]                PROVIDE (__fini_array_end = .)
                0x08000678                . = ALIGN (0x8)
 *fill*         0x08000674        0x4 
                0x08000678                _sidata = LOADADDR (.data)

.data           0x20000000       0x50 load address 0x08000678
                0x20000000                . = ALIGN (0x8)
                0x20000000                _sdata = .
 *(.data)
 *(.data*)
 .data.uwTickFreq
                0x20000000        0x1 build/stm32l4xx_hal.o
                0x20000000                uwTickFreq
 *fill*         0x20000001        0x3 
 .data.uwTickPrio
                0x20000004        0x4 build/stm32l4xx_hal.o
                0x20000004                uwTickPrio
 .data.SystemCoreClock
                0x20000008        0x4 build/system_stm32l4xx.o
                0x20000008                SystemCoreClock
 .data.PINPOS   0x2000000c       0x40 build/HAL_GPIO.o
                0x2000000c                PINPOS
                0x20000050                . = ALIGN (0x8)
 *fill*         0x2000004c        0x4 
                0x20000050                _edata = .

.igot.plt       0x20000050        0x0 load address 0x080006c8
 .igot.plt      0x20000050        0x0 c:/tools/gcc-arm-none-eabi-10.3-2021.10-win32/gcc-arm-none-eabi-10.3-2021.10/bin/../lib/gcc/arm-none-eabi/10.3.1/thumb/v7e-m+fp/hard/crtbegin.o
                0x20000050                . = ALIGN (0x4)

.bss            0x20000050       0x24 load address 0x080006c8
                0x20000050                _sbss = .
                0x20000050                __bss_start__ = _sbss
 *(.bss)
 .bss           0x20000050       0x1c c:/tools/gcc-arm-none-eabi-10.3-2021.10-win32/gcc-arm-none-eabi-10.3-2021.10/bin/../lib/gcc/arm-none-eabi/10.3.1/thumb/v7e-m+fp/hard/crtbegin.o
 *(.bss*)
 .bss.uwTick    0x2000006c        0x4 build/stm32l4xx_hal.o
                0x2000006c                uwTick
 .bss.prev_val.0
                0x20000070        0x1 build/gpio.o
 *(COMMON)
                0x20000074                . = ALIGN (0x4)
 *fill*         0x20000071        0x3 
                0x20000074                _ebss = .
                0x20000074                __bss_end__ = _ebss

._user_heap_stack
                0x20000074      0x604 load address 0x080006c8
                0x20000078                . = ALIGN (0x8)
 *fill*         0x20000074        0x4 
                [!provide]                PROVIDE (end = .)
                [!provide]                PROVIDE (_end = .)
                0x20000278                . = (. + _Min_Heap_Size)
 *fill*         0x20000078      0x200 
                0x20000678                . = (. + _Min_Stack_Size)
 *fill*         0x20000278      0x400 
                0x20000678                . = ALIGN (0x8)

/DISCARD/
 libc.a(*)
 libm.a(*)
 libgcc.a(*)

.ARM.attributes
                0x00000000       0x30
 *(.ARM.attributes)
 .ARM.attributes
                0x00000000       0x1e c:/tools/gcc-arm-none-eabi-10.3-2021.10-win32/gcc-arm-none-eabi-10.3-2021.10/bin/../lib/gcc/arm-none-eabi/10.3.1/thumb/v7e-m+fp/hard/crti.o
 .ARM.attributes
                0x0000001e       0x34 c:/tools/gcc-arm-none-eabi-10.3-2021.10-win32/gcc-arm-none-eabi-10.3-2021.10/bin/../lib/gcc/arm-none-eabi/10.3.1/thumb/v7e-m+fp/hard/crtbegin.o
 .ARM.attributes
                0x00000052       0x34 build/main.o
 .ARM.attributes
                0x00000086       0x34 build/stm32l4xx_it.o
 .ARM.attributes
                0x000000ba       0x34 build/stm32l4xx_hal_msp.o
 .ARM.attributes
                0x000000ee       0x34 build/stm32l4xx_hal.o
 .ARM.attributes
                0x00000122       0x34 build/stm32l4xx_hal_gpio.o
 .ARM.attributes
                0x00000156       0x34 build/stm32l4xx_hal_cortex.o
 .ARM.attributes
                0x0000018a       0x34 build/system_stm32l4xx.o
 .ARM.attributes
                0x000001be       0x34 build/gpio.o
 .ARM.attributes
                0x000001f2       0x34 build/HAL_GPIO.o
 .ARM.attributes
                0x00000226       0x21 build/startup_stm32l475xx.o
 .ARM.attributes
                0x00000247       0x34 c:/tools/gcc-arm-none-eabi-10.3-2021.10-win32/gcc-arm-none-eabi-10.3-2021.10/bin/../lib/gcc/arm-none-eabi/10.3.1/../../../../arm-none-eabi/lib/thumb/v7e-m+fp/hard\libc_nano.a(lib_a-init.o)
 .ARM.attributes
                0x0000027b       0x1e c:/tools/gcc-arm-none-eabi-10.3-2021.10-win32/gcc-arm-none-eabi-10.3-2021.10/bin/../lib/gcc/arm-none-eabi/10.3.1/thumb/v7e-m+fp/hard/crtn.o
OUTPUT(build/blinky.elf elf32-littlearm)
LOAD linker stubs
LOAD c:/tools/gcc-arm-none-eabi-10.3-2021.10-win32/gcc-arm-none-eabi-10.3-2021.10/bin/../lib/gcc/arm-none-eabi/10.3.1/../../../../arm-none-eabi/lib/thumb/v7e-m+fp/hard\libc.a
LOAD c:/tools/gcc-arm-none-eabi-10.3-2021.10-win32/gcc-arm-none-eabi-10.3-2021.10/bin/../lib/gcc/arm-none-eabi/10.3.1/../../../../arm-none-eabi/lib/thumb/v7e-m+fp/hard\libm.a
LOAD c:/tools/gcc-arm-none-eabi-10.3-2021.10-win32/gcc-arm-none-eabi-10.3-2021.10/bin/../lib/gcc/arm-none-eabi/10.3.1/thumb/v7e-m+fp/hard\libgcc.a

.debug_info     0x00000000     0x4937
 .debug_info    0x00000000      0x29d build/main.o
 .debug_info    0x0000029d      0x26c build/stm32l4xx_it.o
 .debug_info    0x00000509      0x35f build/stm32l4xx_hal_msp.o
 .debug_info    0x00000868      0xcda build/stm32l4xx_hal.o
 .debug_info    0x00001542      0x91b build/stm32l4xx_hal_gpio.o
 .debug_info    0x00001e5d     0x1174 build/stm32l4xx_hal_cortex.o
 .debug_info    0x00002fd1      0x671 build/system_stm32l4xx.o
 .debug_info    0x00003642      0xbbf build/gpio.o
 .debug_info    0x00004201      0x714 build/HAL_GPIO.o
 .debug_info    0x00004915       0x22 build/startup_stm32l475xx.o

.debug_abbrev   0x00000000      0xf0d
 .debug_abbrev  0x00000000      0x152 build/main.o
 .debug_abbrev  0x00000152       0xb4 build/stm32l4xx_it.o
 .debug_abbrev  0x00000206       0xc1 build/stm32l4xx_hal_msp.o
 .debug_abbrev  0x000002c7      0x249 build/stm32l4xx_hal.o
 .debug_abbrev  0x00000510      0x222 build/stm32l4xx_hal_gpio.o
 .debug_abbrev  0x00000732      0x382 build/stm32l4xx_hal_cortex.o
 .debug_abbrev  0x00000ab4      0x11b build/system_stm32l4xx.o
 .debug_abbrev  0x00000bcf      0x17e build/gpio.o
 .debug_abbrev  0x00000d4d      0x1ae build/HAL_GPIO.o
 .debug_abbrev  0x00000efb       0x12 build/startup_stm32l475xx.o

.debug_loc      0x00000000     0x138b
 .debug_loc     0x00000000       0x2c build/main.o
 .debug_loc     0x0000002c       0x60 build/stm32l4xx_it.o
 .debug_loc     0x0000008c       0x2c build/stm32l4xx_hal_msp.o
 .debug_loc     0x000000b8      0x2af build/stm32l4xx_hal.o
 .debug_loc     0x00000367      0x496 build/stm32l4xx_hal_gpio.o
 .debug_loc     0x000007fd      0x7a4 build/stm32l4xx_hal_cortex.o
 .debug_loc     0x00000fa1      0x127 build/system_stm32l4xx.o
 .debug_loc     0x000010c8       0x9b build/gpio.o
 .debug_loc     0x00001163      0x228 build/HAL_GPIO.o

.debug_aranges  0x00000000      0x3a8
 .debug_aranges
                0x00000000       0x20 build/main.o
 .debug_aranges
                0x00000020       0x70 build/stm32l4xx_it.o
 .debug_aranges
                0x00000090       0x20 build/stm32l4xx_hal_msp.o
 .debug_aranges
                0x000000b0      0x130 build/stm32l4xx_hal.o
 .debug_aranges
                0x000001e0       0x58 build/stm32l4xx_hal_gpio.o
 .debug_aranges
                0x00000238       0xa8 build/stm32l4xx_hal_cortex.o
 .debug_aranges
                0x000002e0       0x28 build/system_stm32l4xx.o
 .debug_aranges
                0x00000308       0x28 build/gpio.o
 .debug_aranges
                0x00000330       0x50 build/HAL_GPIO.o
 .debug_aranges
                0x00000380       0x28 build/startup_stm32l475xx.o

.debug_ranges   0x00000000      0x388
 .debug_ranges  0x00000000       0x10 build/main.o
 .debug_ranges  0x00000010       0x60 build/stm32l4xx_it.o
 .debug_ranges  0x00000070       0x10 build/stm32l4xx_hal_msp.o
 .debug_ranges  0x00000080      0x120 build/stm32l4xx_hal.o
 .debug_ranges  0x000001a0       0x48 build/stm32l4xx_hal_gpio.o
 .debug_ranges  0x000001e8       0xf8 build/stm32l4xx_hal_cortex.o
 .debug_ranges  0x000002e0       0x18 build/system_stm32l4xx.o
 .debug_ranges  0x000002f8       0x30 build/gpio.o
 .debug_ranges  0x00000328       0x40 build/HAL_GPIO.o
 .debug_ranges  0x00000368       0x20 build/startup_stm32l475xx.o

.debug_line     0x00000000     0x2671
 .debug_line    0x00000000      0x211 build/main.o
 .debug_line    0x00000211      0x2bb build/stm32l4xx_it.o
 .debug_line    0x000004cc      0x18e build/stm32l4xx_hal_msp.o
 .debug_line    0x0000065a      0x6c6 build/stm32l4xx_hal.o
 .debug_line    0x00000d20      0x6fa build/stm32l4xx_hal_gpio.o
 .debug_line    0x0000141a      0x7a1 build/stm32l4xx_hal_cortex.o
 .debug_line    0x00001bbb      0x2c6 build/system_stm32l4xx.o
 .debug_line    0x00001e81      0x4b0 build/gpio.o
 .debug_line    0x00002331      0x2ca build/HAL_GPIO.o
 .debug_line    0x000025fb       0x76 build/startup_stm32l475xx.o

.debug_str      0x00000000     0x15f5
 .debug_str     0x00000000      0x201 build/main.o
                                0x244 (size before relaxing)
 .debug_str     0x00000201      0x100 build/stm32l4xx_it.o
                                0x27d (size before relaxing)
 .debug_str     0x00000301      0x174 build/stm32l4xx_hal_msp.o
                                0x301 (size before relaxing)
 .debug_str     0x00000475      0x9c1 build/stm32l4xx_hal.o
                                0xcde (size before relaxing)
 .debug_str     0x00000e36      0x174 build/stm32l4xx_hal_gpio.o
                                0x539 (size before relaxing)
 .debug_str     0x00000faa      0x4bf build/stm32l4xx_hal_cortex.o
                                0xc10 (size before relaxing)
 .debug_str     0x00001469       0x8b build/system_stm32l4xx.o
                                0x3d2 (size before relaxing)
 .debug_str     0x000014f4       0x3c build/gpio.o
                                0x8fe (size before relaxing)
 .debug_str     0x00001530       0xa1 build/HAL_GPIO.o
                                0x411 (size before relaxing)
 .debug_str     0x000015d1       0x24 build/startup_stm32l475xx.o
                                 0x63 (size before relaxing)

.comment        0x00000000       0x49
 .comment       0x00000000       0x49 build/main.o
                                 0x4a (size before relaxing)
 .comment       0x00000049       0x4a build/stm32l4xx_it.o
 .comment       0x00000049       0x4a build/stm32l4xx_hal_msp.o
 .comment       0x00000049       0x4a build/stm32l4xx_hal.o
 .comment       0x00000049       0x4a build/stm32l4xx_hal_gpio.o
 .comment       0x00000049       0x4a build/stm32l4xx_hal_cortex.o
 .comment       0x00000049       0x4a build/system_stm32l4xx.o
 .comment       0x00000049       0x4a build/gpio.o
 .comment       0x00000049       0x4a build/HAL_GPIO.o

.debug_frame    0x00000000      0x72c
 .debug_frame   0x00000000       0x28 build/main.o
 .debug_frame   0x00000028       0xd8 build/stm32l4xx_it.o
 .debug_frame   0x00000100       0x28 build/stm32l4xx_hal_msp.o
 .debug_frame   0x00000128      0x274 build/stm32l4xx_hal.o
 .debug_frame   0x0000039c       0xd0 build/stm32l4xx_hal_gpio.o
 .debug_frame   0x0000046c      0x148 build/stm32l4xx_hal_cortex.o
 .debug_frame   0x000005b4       0x30 build/system_stm32l4xx.o
 .debug_frame   0x000005e4       0x58 build/gpio.o
 .debug_frame   0x0000063c       0xc4 build/HAL_GPIO.o
 .debug_frame   0x00000700       0x2c c:/tools/gcc-arm-none-eabi-10.3-2021.10-win32/gcc-arm-none-eabi-10.3-2021.10/bin/../lib/gcc/arm-none-eabi/10.3.1/../../../../arm-none-eabi/lib/thumb/v7e-m+fp/hard\libc_nano.a(lib_a-init.o)

Cross Reference Table

Symbol                                            File
ADC1_2_IRQHandler                                 build/startup_stm32l475xx.o
ADC3_IRQHandler                                   build/startup_stm32l475xx.o
AHBPrescTable                                     build/system_stm32l4xx.o
                                                  build/stm32l4xx_hal_rcc.o
APBPrescTable                                     build/system_stm32l4xx.o
                                                  build/stm32l4xx_hal_rcc.o
BusFault_Handler                                  build/stm32l4xx_it.o
CAN1_RX0_IRQHandler                               build/startup_stm32l475xx.o
CAN1_RX1_IRQHandler                               build/startup_stm32l475xx.o
CAN1_SCE_IRQHandler                               build/startup_stm32l475xx.o
CAN1_TX_IRQHandler                                build/startup_stm32l475xx.o
COMP_IRQHandler                                   build/startup_stm32l475xx.o
DFSDM1_FLT0_IRQHandler                            build/startup_stm32l475xx.o
DFSDM1_FLT1_IRQHandler                            build/startup_stm32l475xx.o
DFSDM1_FLT2_IRQHandler                            build/startup_stm32l475xx.o
DFSDM1_FLT3_IRQHandler                            build/startup_stm32l475xx.o
DMA1_Channel1_IRQHandler                          build/startup_stm32l475xx.o
DMA1_Channel2_IRQHandler                          build/startup_stm32l475xx.o
DMA1_Channel3_IRQHandler                          build/startup_stm32l475xx.o
DMA1_Channel4_IRQHandler                          build/startup_stm32l475xx.o
DMA1_Channel5_IRQHandler                          build/startup_stm32l475xx.o
DMA1_Channel6_IRQHandler                          build/startup_stm32l475xx.o
DMA1_Channel7_IRQHandler                          build/startup_stm32l475xx.o
DMA2_Channel1_IRQHandler                          build/startup_stm32l475xx.o
DMA2_Channel2_IRQHandler                          build/startup_stm32l475xx.o
DMA2_Channel3_IRQHandler                          build/startup_stm32l475xx.o
DMA2_Channel4_IRQHandler                          build/startup_stm32l475xx.o
DMA2_Channel5_IRQHandler                          build/startup_stm32l475xx.o
DMA2_Channel6_IRQHandler                          build/startup_stm32l475xx.o
DMA2_Channel7_IRQHandler                          build/startup_stm32l475xx.o
DebugMon_Handler                                  build/stm32l4xx_it.o
Default_Handler                                   build/startup_stm32l475xx.o
EXTI0_IRQHandler                                  build/startup_stm32l475xx.o
EXTI15_10_IRQHandler                              build/stm32l4xx_it.o
EXTI1_IRQHandler                                  build/startup_stm32l475xx.o
EXTI2_IRQHandler                                  build/startup_stm32l475xx.o
EXTI3_IRQHandler                                  build/startup_stm32l475xx.o
EXTI4_IRQHandler                                  build/startup_stm32l475xx.o
EXTI9_5_IRQHandler                                build/stm32l4xx_it.o
Error_Handler                                     build/usb_otg.o
                                                  build/usart.o
                                                  build/spi.o
                                                  build/quadspi.o
                                                  build/i2c.o
                                                  build/dfsdm.o
FLASH_FlushCaches                                 build/stm32l4xx_hal_flash_ex.o
                                                  build/stm32l4xx_hal_flash.o
FLASH_IRQHandler                                  build/startup_stm32l475xx.o
FLASH_PageErase                                   build/stm32l4xx_hal_flash_ex.o
                                                  build/stm32l4xx_hal_flash.o
FLASH_WaitForLastOperation                        build/stm32l4xx_hal_flash.o
                                                  build/stm32l4xx_hal_flash_ex.o
FMC_IRQHandler                                    build/startup_stm32l475xx.o
FPU_IRQHandler                                    build/startup_stm32l475xx.o
HAL_DBGMCU_DisableDBGSleepMode                    build/stm32l4xx_hal.o
HAL_DBGMCU_DisableDBGStandbyMode                  build/stm32l4xx_hal.o
HAL_DBGMCU_DisableDBGStopMode                     build/stm32l4xx_hal.o
HAL_DBGMCU_EnableDBGSleepMode                     build/stm32l4xx_hal.o
HAL_DBGMCU_EnableDBGStandbyMode                   build/stm32l4xx_hal.o
HAL_DBGMCU_EnableDBGStopMode                      build/stm32l4xx_hal.o
HAL_DFSDM_ChannelCkabCallback                     build/stm32l4xx_hal_dfsdm.o
HAL_DFSDM_ChannelCkabStart                        build/stm32l4xx_hal_dfsdm.o
HAL_DFSDM_ChannelCkabStart_IT                     build/stm32l4xx_hal_dfsdm.o
HAL_DFSDM_ChannelCkabStop                         build/stm32l4xx_hal_dfsdm.o
HAL_DFSDM_ChannelCkabStop_IT                      build/stm32l4xx_hal_dfsdm.o
HAL_DFSDM_ChannelDeInit                           build/stm32l4xx_hal_dfsdm.o
HAL_DFSDM_ChannelGetAwdValue                      build/stm32l4xx_hal_dfsdm.o
HAL_DFSDM_ChannelGetState                         build/stm32l4xx_hal_dfsdm.o
HAL_DFSDM_ChannelInit                             build/stm32l4xx_hal_dfsdm.o
                                                  build/dfsdm.o
HAL_DFSDM_ChannelModifyOffset                     build/stm32l4xx_hal_dfsdm.o
HAL_DFSDM_ChannelMspDeInit                        build/dfsdm.o
                                                  build/stm32l4xx_hal_dfsdm.o
HAL_DFSDM_ChannelMspInit                          build/dfsdm.o
                                                  build/stm32l4xx_hal_dfsdm.o
HAL_DFSDM_ChannelPollForCkab                      build/stm32l4xx_hal_dfsdm.o
HAL_DFSDM_ChannelPollForScd                       build/stm32l4xx_hal_dfsdm.o
HAL_DFSDM_ChannelScdCallback                      build/stm32l4xx_hal_dfsdm.o
HAL_DFSDM_ChannelScdStart                         build/stm32l4xx_hal_dfsdm.o
HAL_DFSDM_ChannelScdStart_IT                      build/stm32l4xx_hal_dfsdm.o
HAL_DFSDM_ChannelScdStop                          build/stm32l4xx_hal_dfsdm.o
HAL_DFSDM_ChannelScdStop_IT                       build/stm32l4xx_hal_dfsdm.o
HAL_DFSDM_FilterAwdCallback                       build/stm32l4xx_hal_dfsdm.o
HAL_DFSDM_FilterAwdStart_IT                       build/stm32l4xx_hal_dfsdm.o
HAL_DFSDM_FilterAwdStop_IT                        build/stm32l4xx_hal_dfsdm.o
HAL_DFSDM_FilterConfigInjChannel                  build/stm32l4xx_hal_dfsdm.o
HAL_DFSDM_FilterConfigRegChannel                  build/stm32l4xx_hal_dfsdm.o
HAL_DFSDM_FilterDeInit                            build/stm32l4xx_hal_dfsdm.o
HAL_DFSDM_FilterErrorCallback                     build/stm32l4xx_hal_dfsdm.o
HAL_DFSDM_FilterExdStart                          build/stm32l4xx_hal_dfsdm.o
HAL_DFSDM_FilterExdStop                           build/stm32l4xx_hal_dfsdm.o
HAL_DFSDM_FilterGetConvTimeValue                  build/stm32l4xx_hal_dfsdm.o
HAL_DFSDM_FilterGetError                          build/stm32l4xx_hal_dfsdm.o
HAL_DFSDM_FilterGetExdMaxValue                    build/stm32l4xx_hal_dfsdm.o
HAL_DFSDM_FilterGetExdMinValue                    build/stm32l4xx_hal_dfsdm.o
HAL_DFSDM_FilterGetInjectedValue                  build/stm32l4xx_hal_dfsdm.o
HAL_DFSDM_FilterGetRegularValue                   build/stm32l4xx_hal_dfsdm.o
HAL_DFSDM_FilterGetState                          build/stm32l4xx_hal_dfsdm.o
HAL_DFSDM_FilterInit                              build/stm32l4xx_hal_dfsdm.o
HAL_DFSDM_FilterInjConvCpltCallback               build/stm32l4xx_hal_dfsdm.o
HAL_DFSDM_FilterInjConvHalfCpltCallback           build/stm32l4xx_hal_dfsdm.o
HAL_DFSDM_FilterInjectedMsbStart_DMA              build/stm32l4xx_hal_dfsdm.o
HAL_DFSDM_FilterInjectedStart                     build/stm32l4xx_hal_dfsdm.o
HAL_DFSDM_FilterInjectedStart_DMA                 build/stm32l4xx_hal_dfsdm.o
HAL_DFSDM_FilterInjectedStart_IT                  build/stm32l4xx_hal_dfsdm.o
HAL_DFSDM_FilterInjectedStop                      build/stm32l4xx_hal_dfsdm.o
HAL_DFSDM_FilterInjectedStop_DMA                  build/stm32l4xx_hal_dfsdm.o
HAL_DFSDM_FilterInjectedStop_IT                   build/stm32l4xx_hal_dfsdm.o
HAL_DFSDM_FilterMspDeInit                         build/stm32l4xx_hal_dfsdm.o
HAL_DFSDM_FilterMspInit                           build/stm32l4xx_hal_dfsdm.o
HAL_DFSDM_FilterPollForInjConversion              build/stm32l4xx_hal_dfsdm.o
HAL_DFSDM_FilterPollForRegConversion              build/stm32l4xx_hal_dfsdm.o
HAL_DFSDM_FilterRegConvCpltCallback               build/stm32l4xx_hal_dfsdm.o
HAL_DFSDM_FilterRegConvHalfCpltCallback           build/stm32l4xx_hal_dfsdm.o
HAL_DFSDM_FilterRegularMsbStart_DMA               build/stm32l4xx_hal_dfsdm.o
HAL_DFSDM_FilterRegularStart                      build/stm32l4xx_hal_dfsdm.o
HAL_DFSDM_FilterRegularStart_DMA                  build/stm32l4xx_hal_dfsdm.o
HAL_DFSDM_FilterRegularStart_IT                   build/stm32l4xx_hal_dfsdm.o
HAL_DFSDM_FilterRegularStop                       build/stm32l4xx_hal_dfsdm.o
HAL_DFSDM_FilterRegularStop_DMA                   build/stm32l4xx_hal_dfsdm.o
HAL_DFSDM_FilterRegularStop_IT                    build/stm32l4xx_hal_dfsdm.o
HAL_DFSDM_IRQHandler                              build/stm32l4xx_hal_dfsdm.o
HAL_DMA_Abort                                     build/stm32l4xx_hal_dma.o
                                                  build/stm32l4xx_hal_uart.o
                                                  build/stm32l4xx_hal_spi.o
                                                  build/stm32l4xx_hal_qspi.o
                                                  build/stm32l4xx_hal_dfsdm.o
HAL_DMA_Abort_IT                                  build/stm32l4xx_hal_dma.o
                                                  build/stm32l4xx_hal_uart.o
                                                  build/stm32l4xx_hal_spi.o
                                                  build/stm32l4xx_hal_qspi.o
                                                  build/stm32l4xx_hal_i2c.o
HAL_DMA_DeInit                                    build/stm32l4xx_hal_dma.o
HAL_DMA_GetError                                  build/stm32l4xx_hal_dma.o
                                                  build/stm32l4xx_hal_uart.o
HAL_DMA_GetState                                  build/stm32l4xx_hal_dma.o
                                                  build/stm32l4xx_hal_i2c.o
HAL_DMA_IRQHandler                                build/stm32l4xx_hal_dma.o
HAL_DMA_Init                                      build/stm32l4xx_hal_dma.o
HAL_DMA_PollForTransfer                           build/stm32l4xx_hal_dma.o
HAL_DMA_RegisterCallback                          build/stm32l4xx_hal_dma.o
HAL_DMA_Start                                     build/stm32l4xx_hal_dma.o
HAL_DMA_Start_IT                                  build/stm32l4xx_hal_dma.o
                                                  build/stm32l4xx_hal_uart.o
                                                  build/stm32l4xx_hal_spi.o
                                                  build/stm32l4xx_hal_qspi.o
                                                  build/stm32l4xx_hal_i2c.o
                                                  build/stm32l4xx_hal_dfsdm.o
HAL_DMA_UnRegisterCallback                        build/stm32l4xx_hal_dma.o
HAL_DeInit                                        build/stm32l4xx_hal.o
HAL_Delay                                         build/stm32l4xx_hal.o
                                                  build/stm32l4xx_ll_usb.o
                                                  build/stm32l4xx_hal_pcd_ex.o
                                                  build/main.o
HAL_EXTI_ClearConfigLine                          build/stm32l4xx_hal_exti.o
HAL_EXTI_ClearPending                             build/stm32l4xx_hal_exti.o
HAL_EXTI_GenerateSWI                              build/stm32l4xx_hal_exti.o
HAL_EXTI_GetConfigLine                            build/stm32l4xx_hal_exti.o
HAL_EXTI_GetHandle                                build/stm32l4xx_hal_exti.o
HAL_EXTI_GetPending                               build/stm32l4xx_hal_exti.o
HAL_EXTI_IRQHandler                               build/stm32l4xx_hal_exti.o
HAL_EXTI_RegisterCallback                         build/stm32l4xx_hal_exti.o
HAL_EXTI_SetConfigLine                            build/stm32l4xx_hal_exti.o
HAL_FLASHEx_DisableRunPowerDown                   build/stm32l4xx_hal_flash_ramfunc.o
HAL_FLASHEx_EnableRunPowerDown                    build/stm32l4xx_hal_flash_ramfunc.o
HAL_FLASHEx_Erase                                 build/stm32l4xx_hal_flash_ex.o
HAL_FLASHEx_Erase_IT                              build/stm32l4xx_hal_flash_ex.o
HAL_FLASHEx_OBGetConfig                           build/stm32l4xx_hal_flash_ex.o
HAL_FLASHEx_OBProgram                             build/stm32l4xx_hal_flash_ex.o
HAL_FLASH_EndOfOperationCallback                  build/stm32l4xx_hal_flash.o
HAL_FLASH_GetError                                build/stm32l4xx_hal_flash.o
HAL_FLASH_IRQHandler                              build/stm32l4xx_hal_flash.o
HAL_FLASH_Lock                                    build/stm32l4xx_hal_flash.o
HAL_FLASH_OB_Launch                               build/stm32l4xx_hal_flash.o
HAL_FLASH_OB_Lock                                 build/stm32l4xx_hal_flash.o
HAL_FLASH_OB_Unlock                               build/stm32l4xx_hal_flash.o
HAL_FLASH_OperationErrorCallback                  build/stm32l4xx_hal_flash.o
HAL_FLASH_Program                                 build/stm32l4xx_hal_flash.o
HAL_FLASH_Program_IT                              build/stm32l4xx_hal_flash.o
HAL_FLASH_Unlock                                  build/stm32l4xx_hal_flash.o
HAL_GPIO_DeInit                                   build/stm32l4xx_hal_gpio.o
                                                  build/usb_otg.o
                                                  build/usart.o
                                                  build/spi.o
                                                  build/quadspi.o
                                                  build/i2c.o
                                                  build/dfsdm.o
HAL_GPIO_EXTI_Callback                            build/gpio.o
                                                  build/stm32l4xx_hal_gpio.o
HAL_GPIO_EXTI_IRQHandler                          build/stm32l4xx_hal_gpio.o
                                                  build/stm32l4xx_it.o
HAL_GPIO_Init                                     build/stm32l4xx_hal_gpio.o
                                                  build/usb_otg.o
                                                  build/usart.o
                                                  build/spi.o
                                                  build/quadspi.o
                                                  build/i2c.o
                                                  build/dfsdm.o
                                                  build/gpio.o
                                                  build/stm32l4xx_hal_rcc_ex.o
                                                  build/stm32l4xx_hal_rcc.o
HAL_GPIO_LockPin                                  build/stm32l4xx_hal_gpio.o
HAL_GPIO_ReadPin                                  build/stm32l4xx_hal_gpio.o
HAL_GPIO_TogglePin                                build/stm32l4xx_hal_gpio.o
HAL_GPIO_WritePin                                 build/stm32l4xx_hal_gpio.o
                                                  build/gpio.o
HAL_GetDEVID                                      build/stm32l4xx_hal.o
HAL_GetHalVersion                                 build/stm32l4xx_hal.o
HAL_GetREVID                                      build/stm32l4xx_hal.o
HAL_GetTick                                       build/stm32l4xx_hal.o
                                                  build/stm32l4xx_hal_pcd_ex.o
                                                  build/stm32l4xx_hal_uart_ex.o
                                                  build/stm32l4xx_hal_uart.o
                                                  build/stm32l4xx_hal_spi.o
                                                  build/stm32l4xx_hal_qspi.o
                                                  build/stm32l4xx_hal_dma.o
                                                  build/stm32l4xx_hal_flash.o
                                                  build/stm32l4xx_hal_rcc_ex.o
                                                  build/stm32l4xx_hal_rcc.o
                                                  build/stm32l4xx_hal_i2c.o
                                                  build/stm32l4xx_hal_dfsdm.o
HAL_GetTickFreq                                   build/stm32l4xx_hal.o
HAL_GetTickPrio                                   build/stm32l4xx_hal.o
HAL_GetUIDw0                                      build/stm32l4xx_hal.o
HAL_GetUIDw1                                      build/stm32l4xx_hal.o
HAL_GetUIDw2                                      build/stm32l4xx_hal.o
HAL_HalfDuplex_EnableReceiver                     build/stm32l4xx_hal_uart.o
HAL_HalfDuplex_EnableTransmitter                  build/stm32l4xx_hal_uart.o
HAL_HalfDuplex_Init                               build/stm32l4xx_hal_uart.o
HAL_I2CEx_ConfigAnalogFilter                      build/stm32l4xx_hal_i2c_ex.o
                                                  build/i2c.o
HAL_I2CEx_ConfigDigitalFilter                     build/stm32l4xx_hal_i2c_ex.o
                                                  build/i2c.o
HAL_I2CEx_DisableFastModePlus                     build/stm32l4xx_hal_i2c_ex.o
HAL_I2CEx_DisableWakeUp                           build/stm32l4xx_hal_i2c_ex.o
HAL_I2CEx_EnableFastModePlus                      build/stm32l4xx_hal_i2c_ex.o
HAL_I2CEx_EnableWakeUp                            build/stm32l4xx_hal_i2c_ex.o
HAL_I2C_AbortCpltCallback                         build/stm32l4xx_hal_i2c.o
HAL_I2C_AddrCallback                              build/stm32l4xx_hal_i2c.o
HAL_I2C_DeInit                                    build/stm32l4xx_hal_i2c.o
HAL_I2C_DisableListen_IT                          build/stm32l4xx_hal_i2c.o
HAL_I2C_ER_IRQHandler                             build/stm32l4xx_hal_i2c.o
HAL_I2C_EV_IRQHandler                             build/stm32l4xx_hal_i2c.o
HAL_I2C_EnableListen_IT                           build/stm32l4xx_hal_i2c.o
HAL_I2C_ErrorCallback                             build/stm32l4xx_hal_i2c.o
HAL_I2C_GetError                                  build/stm32l4xx_hal_i2c.o
HAL_I2C_GetMode                                   build/stm32l4xx_hal_i2c.o
HAL_I2C_GetState                                  build/stm32l4xx_hal_i2c.o
HAL_I2C_Init                                      build/stm32l4xx_hal_i2c.o
                                                  build/i2c.o
HAL_I2C_IsDeviceReady                             build/stm32l4xx_hal_i2c.o
HAL_I2C_ListenCpltCallback                        build/stm32l4xx_hal_i2c.o
HAL_I2C_MasterRxCpltCallback                      build/stm32l4xx_hal_i2c.o
HAL_I2C_MasterTxCpltCallback                      build/stm32l4xx_hal_i2c.o
HAL_I2C_Master_Abort_IT                           build/stm32l4xx_hal_i2c.o
HAL_I2C_Master_Receive                            build/stm32l4xx_hal_i2c.o
HAL_I2C_Master_Receive_DMA                        build/stm32l4xx_hal_i2c.o
HAL_I2C_Master_Receive_IT                         build/stm32l4xx_hal_i2c.o
HAL_I2C_Master_Seq_Receive_DMA                    build/stm32l4xx_hal_i2c.o
HAL_I2C_Master_Seq_Receive_IT                     build/stm32l4xx_hal_i2c.o
HAL_I2C_Master_Seq_Transmit_DMA                   build/stm32l4xx_hal_i2c.o
HAL_I2C_Master_Seq_Transmit_IT                    build/stm32l4xx_hal_i2c.o
HAL_I2C_Master_Transmit                           build/stm32l4xx_hal_i2c.o
HAL_I2C_Master_Transmit_DMA                       build/stm32l4xx_hal_i2c.o
HAL_I2C_Master_Transmit_IT                        build/stm32l4xx_hal_i2c.o
HAL_I2C_MemRxCpltCallback                         build/stm32l4xx_hal_i2c.o
HAL_I2C_MemTxCpltCallback                         build/stm32l4xx_hal_i2c.o
HAL_I2C_Mem_Read                                  build/stm32l4xx_hal_i2c.o
HAL_I2C_Mem_Read_DMA                              build/stm32l4xx_hal_i2c.o
HAL_I2C_Mem_Read_IT                               build/stm32l4xx_hal_i2c.o
HAL_I2C_Mem_Write                                 build/stm32l4xx_hal_i2c.o
HAL_I2C_Mem_Write_DMA                             build/stm32l4xx_hal_i2c.o
HAL_I2C_Mem_Write_IT                              build/stm32l4xx_hal_i2c.o
HAL_I2C_MspDeInit                                 build/i2c.o
                                                  build/stm32l4xx_hal_i2c.o
HAL_I2C_MspInit                                   build/i2c.o
                                                  build/stm32l4xx_hal_i2c.o
HAL_I2C_SlaveRxCpltCallback                       build/stm32l4xx_hal_i2c.o
HAL_I2C_SlaveTxCpltCallback                       build/stm32l4xx_hal_i2c.o
HAL_I2C_Slave_Receive                             build/stm32l4xx_hal_i2c.o
HAL_I2C_Slave_Receive_DMA                         build/stm32l4xx_hal_i2c.o
HAL_I2C_Slave_Receive_IT                          build/stm32l4xx_hal_i2c.o
HAL_I2C_Slave_Seq_Receive_DMA                     build/stm32l4xx_hal_i2c.o
HAL_I2C_Slave_Seq_Receive_IT                      build/stm32l4xx_hal_i2c.o
HAL_I2C_Slave_Seq_Transmit_DMA                    build/stm32l4xx_hal_i2c.o
HAL_I2C_Slave_Seq_Transmit_IT                     build/stm32l4xx_hal_i2c.o
HAL_I2C_Slave_Transmit                            build/stm32l4xx_hal_i2c.o
HAL_I2C_Slave_Transmit_DMA                        build/stm32l4xx_hal_i2c.o
HAL_I2C_Slave_Transmit_IT                         build/stm32l4xx_hal_i2c.o
HAL_IncTick                                       build/stm32l4xx_hal.o
                                                  build/stm32l4xx_it.o
HAL_Init                                          build/stm32l4xx_hal.o
                                                  build/main.o
HAL_InitTick                                      build/stm32l4xx_hal.o
                                                  build/stm32l4xx_hal_rcc.o
HAL_LIN_Init                                      build/stm32l4xx_hal_uart.o
HAL_LIN_SendBreak                                 build/stm32l4xx_hal_uart.o
HAL_MPU_ConfigRegion                              build/stm32l4xx_hal_cortex.o
HAL_MPU_Disable                                   build/stm32l4xx_hal_cortex.o
HAL_MPU_Enable                                    build/stm32l4xx_hal_cortex.o
HAL_MspDeInit                                     build/stm32l4xx_hal.o
HAL_MspInit                                       build/stm32l4xx_hal_msp.o
HAL_MultiProcessorEx_AddressLength_Set            build/stm32l4xx_hal_uart_ex.o
HAL_MultiProcessor_DisableMuteMode                build/stm32l4xx_hal_uart.o
HAL_MultiProcessor_EnableMuteMode                 build/stm32l4xx_hal_uart.o
HAL_MultiProcessor_EnterMuteMode                  build/stm32l4xx_hal_uart.o
HAL_MultiProcessor_Init                           build/stm32l4xx_hal_uart.o
HAL_NVIC_ClearPendingIRQ                          build/stm32l4xx_hal_cortex.o
HAL_NVIC_DisableIRQ                               build/stm32l4xx_hal_cortex.o
HAL_NVIC_EnableIRQ                                build/stm32l4xx_hal_cortex.o
                                                  build/gpio.o
HAL_NVIC_GetActive                                build/stm32l4xx_hal_cortex.o
HAL_NVIC_GetPendingIRQ                            build/stm32l4xx_hal_cortex.o
HAL_NVIC_GetPriority                              build/stm32l4xx_hal_cortex.o
HAL_NVIC_GetPriorityGrouping                      build/stm32l4xx_hal_cortex.o
HAL_NVIC_SetPendingIRQ                            build/stm32l4xx_hal_cortex.o
HAL_NVIC_SetPriority                              build/stm32l4xx_hal_cortex.o
                                                  build/gpio.o
                                                  build/stm32l4xx_hal.o
HAL_NVIC_SetPriorityGrouping                      build/stm32l4xx_hal_cortex.o
                                                  build/stm32l4xx_hal.o
HAL_NVIC_SystemReset                              build/stm32l4xx_hal_cortex.o
HAL_PCDEx_ActivateBCD                             build/stm32l4xx_hal_pcd_ex.o
HAL_PCDEx_ActivateLPM                             build/stm32l4xx_hal_pcd_ex.o
                                                  build/stm32l4xx_hal_pcd.o
HAL_PCDEx_BCD_Callback                            build/stm32l4xx_hal_pcd_ex.o
HAL_PCDEx_BCD_VBUSDetect                          build/stm32l4xx_hal_pcd_ex.o
HAL_PCDEx_DeActivateBCD                           build/stm32l4xx_hal_pcd_ex.o
HAL_PCDEx_DeActivateLPM                           build/stm32l4xx_hal_pcd_ex.o
HAL_PCDEx_LPM_Callback                            build/stm32l4xx_hal_pcd_ex.o
                                                  build/stm32l4xx_hal_pcd.o
HAL_PCDEx_SetRxFiFo                               build/stm32l4xx_hal_pcd_ex.o
HAL_PCDEx_SetTxFiFo                               build/stm32l4xx_hal_pcd_ex.o
HAL_PCD_ActivateRemoteWakeup                      build/stm32l4xx_hal_pcd.o
HAL_PCD_ConnectCallback                           build/stm32l4xx_hal_pcd.o
HAL_PCD_DataInStageCallback                       build/stm32l4xx_hal_pcd.o
HAL_PCD_DataOutStageCallback                      build/stm32l4xx_hal_pcd.o
HAL_PCD_DeActivateRemoteWakeup                    build/stm32l4xx_hal_pcd.o
HAL_PCD_DeInit                                    build/stm32l4xx_hal_pcd.o
HAL_PCD_DevConnect                                build/stm32l4xx_hal_pcd.o
HAL_PCD_DevDisconnect                             build/stm32l4xx_hal_pcd.o
HAL_PCD_DisconnectCallback                        build/stm32l4xx_hal_pcd.o
HAL_PCD_EP_Abort                                  build/stm32l4xx_hal_pcd.o
HAL_PCD_EP_Close                                  build/stm32l4xx_hal_pcd.o
HAL_PCD_EP_ClrStall                               build/stm32l4xx_hal_pcd.o
HAL_PCD_EP_Flush                                  build/stm32l4xx_hal_pcd.o
HAL_PCD_EP_GetRxCount                             build/stm32l4xx_hal_pcd.o
HAL_PCD_EP_Open                                   build/stm32l4xx_hal_pcd.o
HAL_PCD_EP_Receive                                build/stm32l4xx_hal_pcd.o
HAL_PCD_EP_SetStall                               build/stm32l4xx_hal_pcd.o
HAL_PCD_EP_Transmit                               build/stm32l4xx_hal_pcd.o
HAL_PCD_GetState                                  build/stm32l4xx_hal_pcd.o
HAL_PCD_IRQHandler                                build/stm32l4xx_hal_pcd.o
HAL_PCD_ISOINIncompleteCallback                   build/stm32l4xx_hal_pcd.o
HAL_PCD_ISOOUTIncompleteCallback                  build/stm32l4xx_hal_pcd.o
HAL_PCD_Init                                      build/stm32l4xx_hal_pcd.o
                                                  build/usb_otg.o
HAL_PCD_MspDeInit                                 build/usb_otg.o
                                                  build/stm32l4xx_hal_pcd.o
HAL_PCD_MspInit                                   build/usb_otg.o
                                                  build/stm32l4xx_hal_pcd.o
HAL_PCD_ResetCallback                             build/stm32l4xx_hal_pcd.o
HAL_PCD_ResumeCallback                            build/stm32l4xx_hal_pcd.o
HAL_PCD_SOFCallback                               build/stm32l4xx_hal_pcd.o
HAL_PCD_SetAddress                                build/stm32l4xx_hal_pcd.o
HAL_PCD_SetupStageCallback                        build/stm32l4xx_hal_pcd.o
HAL_PCD_Start                                     build/stm32l4xx_hal_pcd.o
HAL_PCD_Stop                                      build/stm32l4xx_hal_pcd.o
HAL_PCD_SuspendCallback                           build/stm32l4xx_hal_pcd.o
HAL_PWREx_ConfigPVM                               build/stm32l4xx_hal_pwr_ex.o
HAL_PWREx_ControlVoltageScaling                   build/stm32l4xx_hal_pwr_ex.o
HAL_PWREx_DisableBatteryCharging                  build/stm32l4xx_hal_pwr_ex.o
HAL_PWREx_DisableGPIOPullDown                     build/stm32l4xx_hal_pwr_ex.o
HAL_PWREx_DisableGPIOPullUp                       build/stm32l4xx_hal_pwr_ex.o
HAL_PWREx_DisableInternalWakeUpLine               build/stm32l4xx_hal_pwr_ex.o
HAL_PWREx_DisableLowPowerRunMode                  build/stm32l4xx_hal_pwr_ex.o
                                                  build/stm32l4xx_hal_pwr.o
HAL_PWREx_DisablePVM1                             build/stm32l4xx_hal_pwr_ex.o
HAL_PWREx_DisablePVM2                             build/stm32l4xx_hal_pwr_ex.o
HAL_PWREx_DisablePVM3                             build/stm32l4xx_hal_pwr_ex.o
HAL_PWREx_DisablePVM4                             build/stm32l4xx_hal_pwr_ex.o
HAL_PWREx_DisablePullUpPullDownConfig             build/stm32l4xx_hal_pwr_ex.o
HAL_PWREx_DisableSRAM2ContentRetention            build/stm32l4xx_hal_pwr_ex.o
HAL_PWREx_DisableVddIO2                           build/stm32l4xx_hal_pwr_ex.o
HAL_PWREx_DisableVddUSB                           build/stm32l4xx_hal_pwr_ex.o
                                                  build/usb_otg.o
HAL_PWREx_EnableBatteryCharging                   build/stm32l4xx_hal_pwr_ex.o
HAL_PWREx_EnableGPIOPullDown                      build/stm32l4xx_hal_pwr_ex.o
HAL_PWREx_EnableGPIOPullUp                        build/stm32l4xx_hal_pwr_ex.o
HAL_PWREx_EnableInternalWakeUpLine                build/stm32l4xx_hal_pwr_ex.o
HAL_PWREx_EnableLowPowerRunMode                   build/stm32l4xx_hal_pwr_ex.o
                                                  build/stm32l4xx_hal_pwr.o
HAL_PWREx_EnablePVM1                              build/stm32l4xx_hal_pwr_ex.o
HAL_PWREx_EnablePVM2                              build/stm32l4xx_hal_pwr_ex.o
HAL_PWREx_EnablePVM3                              build/stm32l4xx_hal_pwr_ex.o
HAL_PWREx_EnablePVM4                              build/stm32l4xx_hal_pwr_ex.o
HAL_PWREx_EnablePullUpPullDownConfig              build/stm32l4xx_hal_pwr_ex.o
HAL_PWREx_EnableSRAM2ContentRetention             build/stm32l4xx_hal_pwr_ex.o
HAL_PWREx_EnableVddIO2                            build/stm32l4xx_hal_pwr_ex.o
HAL_PWREx_EnableVddUSB                            build/stm32l4xx_hal_pwr_ex.o
                                                  build/usb_otg.o
HAL_PWREx_EnterSHUTDOWNMode                       build/stm32l4xx_hal_pwr_ex.o
HAL_PWREx_EnterSTOP0Mode                          build/stm32l4xx_hal_pwr_ex.o
                                                  build/stm32l4xx_hal_pwr.o
HAL_PWREx_EnterSTOP1Mode                          build/stm32l4xx_hal_pwr_ex.o
                                                  build/stm32l4xx_hal_pwr.o
HAL_PWREx_EnterSTOP2Mode                          build/stm32l4xx_hal_pwr_ex.o
HAL_PWREx_GetVoltageRange                         build/stm32l4xx_hal_pwr_ex.o
                                                  build/stm32l4xx_hal_rcc.o
HAL_PWREx_PVD_PVM_IRQHandler                      build/stm32l4xx_hal_pwr_ex.o
HAL_PWREx_PVM1Callback                            build/stm32l4xx_hal_pwr_ex.o
HAL_PWREx_PVM2Callback                            build/stm32l4xx_hal_pwr_ex.o
HAL_PWREx_PVM3Callback                            build/stm32l4xx_hal_pwr_ex.o
HAL_PWREx_PVM4Callback                            build/stm32l4xx_hal_pwr_ex.o
HAL_PWREx_SetSRAM2ContentRetention                build/stm32l4xx_hal_pwr_ex.o
HAL_PWR_ConfigPVD                                 build/stm32l4xx_hal_pwr.o
HAL_PWR_DeInit                                    build/stm32l4xx_hal_pwr.o
HAL_PWR_DisableBkUpAccess                         build/stm32l4xx_hal_pwr.o
                                                  build/stm32l4xx_hal_rcc_ex.o
HAL_PWR_DisablePVD                                build/stm32l4xx_hal_pwr.o
HAL_PWR_DisableSEVOnPend                          build/stm32l4xx_hal_pwr.o
HAL_PWR_DisableSleepOnExit                        build/stm32l4xx_hal_pwr.o
HAL_PWR_DisableWakeUpPin                          build/stm32l4xx_hal_pwr.o
HAL_PWR_EnableBkUpAccess                          build/stm32l4xx_hal_pwr.o
                                                  build/stm32l4xx_hal_rcc_ex.o
HAL_PWR_EnablePVD                                 build/stm32l4xx_hal_pwr.o
HAL_PWR_EnableSEVOnPend                           build/stm32l4xx_hal_pwr.o
HAL_PWR_EnableSleepOnExit                         build/stm32l4xx_hal_pwr.o
HAL_PWR_EnableWakeUpPin                           build/stm32l4xx_hal_pwr.o
HAL_PWR_EnterSLEEPMode                            build/stm32l4xx_hal_pwr.o
HAL_PWR_EnterSTANDBYMode                          build/stm32l4xx_hal_pwr.o
HAL_PWR_EnterSTOPMode                             build/stm32l4xx_hal_pwr.o
HAL_PWR_PVDCallback                               build/stm32l4xx_hal_pwr.o
                                                  build/stm32l4xx_hal_pwr_ex.o
HAL_QSPI_Abort                                    build/stm32l4xx_hal_qspi.o
HAL_QSPI_AbortCpltCallback                        build/stm32l4xx_hal_qspi.o
HAL_QSPI_Abort_IT                                 build/stm32l4xx_hal_qspi.o
HAL_QSPI_AutoPolling                              build/stm32l4xx_hal_qspi.o
HAL_QSPI_AutoPolling_IT                           build/stm32l4xx_hal_qspi.o
HAL_QSPI_CmdCpltCallback                          build/stm32l4xx_hal_qspi.o
HAL_QSPI_Command                                  build/stm32l4xx_hal_qspi.o
HAL_QSPI_Command_IT                               build/stm32l4xx_hal_qspi.o
HAL_QSPI_DeInit                                   build/stm32l4xx_hal_qspi.o
HAL_QSPI_ErrorCallback                            build/stm32l4xx_hal_qspi.o
HAL_QSPI_FifoThresholdCallback                    build/stm32l4xx_hal_qspi.o
HAL_QSPI_GetError                                 build/stm32l4xx_hal_qspi.o
HAL_QSPI_GetFifoThreshold                         build/stm32l4xx_hal_qspi.o
HAL_QSPI_GetState                                 build/stm32l4xx_hal_qspi.o
HAL_QSPI_IRQHandler                               build/stm32l4xx_hal_qspi.o
HAL_QSPI_Init                                     build/stm32l4xx_hal_qspi.o
                                                  build/quadspi.o
HAL_QSPI_MemoryMapped                             build/stm32l4xx_hal_qspi.o
HAL_QSPI_MspDeInit                                build/quadspi.o
                                                  build/stm32l4xx_hal_qspi.o
HAL_QSPI_MspInit                                  build/quadspi.o
                                                  build/stm32l4xx_hal_qspi.o
HAL_QSPI_Receive                                  build/stm32l4xx_hal_qspi.o
HAL_QSPI_Receive_DMA                              build/stm32l4xx_hal_qspi.o
HAL_QSPI_Receive_IT                               build/stm32l4xx_hal_qspi.o
HAL_QSPI_RxCpltCallback                           build/stm32l4xx_hal_qspi.o
HAL_QSPI_RxHalfCpltCallback                       build/stm32l4xx_hal_qspi.o
HAL_QSPI_SetFifoThreshold                         build/stm32l4xx_hal_qspi.o
HAL_QSPI_SetTimeout                               build/stm32l4xx_hal_qspi.o
HAL_QSPI_StatusMatchCallback                      build/stm32l4xx_hal_qspi.o
HAL_QSPI_TimeOutCallback                          build/stm32l4xx_hal_qspi.o
HAL_QSPI_Transmit                                 build/stm32l4xx_hal_qspi.o
HAL_QSPI_Transmit_DMA                             build/stm32l4xx_hal_qspi.o
HAL_QSPI_Transmit_IT                              build/stm32l4xx_hal_qspi.o
HAL_QSPI_TxCpltCallback                           build/stm32l4xx_hal_qspi.o
HAL_QSPI_TxHalfCpltCallback                       build/stm32l4xx_hal_qspi.o
HAL_RCCEx_DisableLSCO                             build/stm32l4xx_hal_rcc_ex.o
HAL_RCCEx_DisableLSECSS                           build/stm32l4xx_hal_rcc_ex.o
HAL_RCCEx_DisableMSIPLLMode                       build/stm32l4xx_hal_rcc_ex.o
HAL_RCCEx_DisablePLLSAI1                          build/stm32l4xx_hal_rcc_ex.o
HAL_RCCEx_DisablePLLSAI2                          build/stm32l4xx_hal_rcc_ex.o
HAL_RCCEx_EnableLSCO                              build/stm32l4xx_hal_rcc_ex.o
HAL_RCCEx_EnableLSECSS                            build/stm32l4xx_hal_rcc_ex.o
HAL_RCCEx_EnableLSECSS_IT                         build/stm32l4xx_hal_rcc_ex.o
HAL_RCCEx_EnableMSIPLLMode                        build/stm32l4xx_hal_rcc_ex.o
HAL_RCCEx_EnablePLLSAI1                           build/stm32l4xx_hal_rcc_ex.o
HAL_RCCEx_EnablePLLSAI2                           build/stm32l4xx_hal_rcc_ex.o
HAL_RCCEx_GetPeriphCLKConfig                      build/stm32l4xx_hal_rcc_ex.o
HAL_RCCEx_GetPeriphCLKFreq                        build/stm32l4xx_hal_rcc_ex.o
HAL_RCCEx_LSECSS_Callback                         build/stm32l4xx_hal_rcc_ex.o
HAL_RCCEx_LSECSS_IRQHandler                       build/stm32l4xx_hal_rcc_ex.o
HAL_RCCEx_PeriphCLKConfig                         build/stm32l4xx_hal_rcc_ex.o
                                                  build/usb_otg.o
                                                  build/usart.o
                                                  build/i2c.o
                                                  build/dfsdm.o
HAL_RCCEx_StandbyMSIRangeConfig                   build/stm32l4xx_hal_rcc_ex.o
HAL_RCCEx_WakeUpStopCLKConfig                     build/stm32l4xx_hal_rcc_ex.o
HAL_RCC_CSSCallback                               build/stm32l4xx_hal_rcc.o
HAL_RCC_ClockConfig                               build/stm32l4xx_hal_rcc.o
HAL_RCC_DeInit                                    build/stm32l4xx_hal_rcc.o
HAL_RCC_EnableCSS                                 build/stm32l4xx_hal_rcc.o
HAL_RCC_GetClockConfig                            build/stm32l4xx_hal_rcc.o
HAL_RCC_GetHCLKFreq                               build/stm32l4xx_hal_rcc.o
                                                  build/stm32l4xx_hal_pcd.o
HAL_RCC_GetOscConfig                              build/stm32l4xx_hal_rcc.o
HAL_RCC_GetPCLK1Freq                              build/stm32l4xx_hal_rcc.o
                                                  build/stm32l4xx_hal_uart.o
                                                  build/stm32l4xx_hal_rcc_ex.o
HAL_RCC_GetPCLK2Freq                              build/stm32l4xx_hal_rcc.o
                                                  build/stm32l4xx_hal_uart.o
                                                  build/stm32l4xx_hal_rcc_ex.o
HAL_RCC_GetResetSource                            build/stm32l4xx_hal_rcc.o
HAL_RCC_GetSysClockFreq                           build/stm32l4xx_hal_rcc.o
                                                  build/stm32l4xx_hal_uart.o
                                                  build/stm32l4xx_hal_rcc_ex.o
HAL_RCC_MCOConfig                                 build/stm32l4xx_hal_rcc.o
HAL_RCC_NMI_IRQHandler                            build/stm32l4xx_hal_rcc.o
HAL_RCC_OscConfig                                 build/stm32l4xx_hal_rcc.o
HAL_RS485Ex_Init                                  build/stm32l4xx_hal_uart_ex.o
HAL_ResumeTick                                    build/stm32l4xx_hal.o
HAL_SPIEx_FlushRxFifo                             build/stm32l4xx_hal_spi_ex.o
HAL_SPI_Abort                                     build/stm32l4xx_hal_spi.o
HAL_SPI_AbortCpltCallback                         build/stm32l4xx_hal_spi.o
HAL_SPI_Abort_IT                                  build/stm32l4xx_hal_spi.o
HAL_SPI_DMAPause                                  build/stm32l4xx_hal_spi.o
HAL_SPI_DMAResume                                 build/stm32l4xx_hal_spi.o
HAL_SPI_DMAStop                                   build/stm32l4xx_hal_spi.o
HAL_SPI_DeInit                                    build/stm32l4xx_hal_spi.o
HAL_SPI_ErrorCallback                             build/stm32l4xx_hal_spi.o
HAL_SPI_GetError                                  build/stm32l4xx_hal_spi.o
HAL_SPI_GetState                                  build/stm32l4xx_hal_spi.o
HAL_SPI_IRQHandler                                build/stm32l4xx_hal_spi.o
HAL_SPI_Init                                      build/stm32l4xx_hal_spi.o
                                                  build/spi.o
HAL_SPI_MspDeInit                                 build/spi.o
                                                  build/stm32l4xx_hal_spi.o
HAL_SPI_MspInit                                   build/spi.o
                                                  build/stm32l4xx_hal_spi.o
HAL_SPI_Receive                                   build/stm32l4xx_hal_spi.o
HAL_SPI_Receive_DMA                               build/stm32l4xx_hal_spi.o
HAL_SPI_Receive_IT                                build/stm32l4xx_hal_spi.o
HAL_SPI_RxCpltCallback                            build/stm32l4xx_hal_spi.o
HAL_SPI_RxHalfCpltCallback                        build/stm32l4xx_hal_spi.o
HAL_SPI_Transmit                                  build/stm32l4xx_hal_spi.o
HAL_SPI_TransmitReceive                           build/stm32l4xx_hal_spi.o
HAL_SPI_TransmitReceive_DMA                       build/stm32l4xx_hal_spi.o
HAL_SPI_TransmitReceive_IT                        build/stm32l4xx_hal_spi.o
HAL_SPI_Transmit_DMA                              build/stm32l4xx_hal_spi.o
HAL_SPI_Transmit_IT                               build/stm32l4xx_hal_spi.o
HAL_SPI_TxCpltCallback                            build/stm32l4xx_hal_spi.o
HAL_SPI_TxHalfCpltCallback                        build/stm32l4xx_hal_spi.o
HAL_SPI_TxRxCpltCallback                          build/stm32l4xx_hal_spi.o
HAL_SPI_TxRxHalfCpltCallback                      build/stm32l4xx_hal_spi.o
HAL_SYSCFG_DisableIOAnalogSwitchBooster           build/stm32l4xx_hal.o
HAL_SYSCFG_DisableMemorySwappingBank              build/stm32l4xx_hal.o
HAL_SYSCFG_DisableVREFBUF                         build/stm32l4xx_hal.o
HAL_SYSCFG_EnableIOAnalogSwitchBooster            build/stm32l4xx_hal.o
HAL_SYSCFG_EnableMemorySwappingBank               build/stm32l4xx_hal.o
HAL_SYSCFG_EnableVREFBUF                          build/stm32l4xx_hal.o
HAL_SYSCFG_SRAM2Erase                             build/stm32l4xx_hal.o
HAL_SYSCFG_VREFBUF_HighImpedanceConfig            build/stm32l4xx_hal.o
HAL_SYSCFG_VREFBUF_TrimmingConfig                 build/stm32l4xx_hal.o
HAL_SYSCFG_VREFBUF_VoltageScalingConfig           build/stm32l4xx_hal.o
HAL_SYSTICK_CLKSourceConfig                       build/stm32l4xx_hal_cortex.o
HAL_SYSTICK_Callback                              build/stm32l4xx_hal_cortex.o
HAL_SYSTICK_Config                                build/stm32l4xx_hal_cortex.o
                                                  build/stm32l4xx_hal.o
HAL_SYSTICK_IRQHandler                            build/stm32l4xx_hal_cortex.o
HAL_SetTickFreq                                   build/stm32l4xx_hal.o
HAL_SuspendTick                                   build/stm32l4xx_hal.o
HAL_UARTEx_DisableClockStopMode                   build/stm32l4xx_hal_uart_ex.o
HAL_UARTEx_DisableStopMode                        build/stm32l4xx_hal_uart_ex.o
HAL_UARTEx_EnableClockStopMode                    build/stm32l4xx_hal_uart_ex.o
HAL_UARTEx_EnableStopMode                         build/stm32l4xx_hal_uart_ex.o
HAL_UARTEx_ReceiveToIdle                          build/stm32l4xx_hal_uart_ex.o
HAL_UARTEx_ReceiveToIdle_DMA                      build/stm32l4xx_hal_uart_ex.o
HAL_UARTEx_ReceiveToIdle_IT                       build/stm32l4xx_hal_uart_ex.o
HAL_UARTEx_RxEventCallback                        build/stm32l4xx_hal_uart.o
HAL_UARTEx_StopModeWakeUpSourceConfig             build/stm32l4xx_hal_uart_ex.o
HAL_UARTEx_WakeupCallback                         build/stm32l4xx_hal_uart_ex.o
                                                  build/stm32l4xx_hal_uart.o
HAL_UART_Abort                                    build/stm32l4xx_hal_uart.o
HAL_UART_AbortCpltCallback                        build/stm32l4xx_hal_uart.o
HAL_UART_AbortReceive                             build/stm32l4xx_hal_uart.o
HAL_UART_AbortReceiveCpltCallback                 build/stm32l4xx_hal_uart.o
HAL_UART_AbortReceive_IT                          build/stm32l4xx_hal_uart.o
HAL_UART_AbortTransmit                            build/stm32l4xx_hal_uart.o
HAL_UART_AbortTransmitCpltCallback                build/stm32l4xx_hal_uart.o
HAL_UART_AbortTransmit_IT                         build/stm32l4xx_hal_uart.o
HAL_UART_Abort_IT                                 build/stm32l4xx_hal_uart.o
HAL_UART_DMAPause                                 build/stm32l4xx_hal_uart.o
HAL_UART_DMAResume                                build/stm32l4xx_hal_uart.o
HAL_UART_DMAStop                                  build/stm32l4xx_hal_uart.o
HAL_UART_DeInit                                   build/stm32l4xx_hal_uart.o
HAL_UART_DisableReceiverTimeout                   build/stm32l4xx_hal_uart.o
HAL_UART_EnableReceiverTimeout                    build/stm32l4xx_hal_uart.o
HAL_UART_ErrorCallback                            build/stm32l4xx_hal_uart.o
HAL_UART_GetError                                 build/stm32l4xx_hal_uart.o
HAL_UART_GetState                                 build/stm32l4xx_hal_uart.o
HAL_UART_IRQHandler                               build/stm32l4xx_hal_uart.o
HAL_UART_Init                                     build/stm32l4xx_hal_uart.o
                                                  build/usart.o
HAL_UART_MspDeInit                                build/usart.o
                                                  build/stm32l4xx_hal_uart.o
HAL_UART_MspInit                                  build/usart.o
                                                  build/stm32l4xx_hal_uart.o
                                                  build/stm32l4xx_hal_uart_ex.o
HAL_UART_Receive                                  build/stm32l4xx_hal_uart.o
HAL_UART_Receive_DMA                              build/stm32l4xx_hal_uart.o
HAL_UART_Receive_IT                               build/stm32l4xx_hal_uart.o
HAL_UART_ReceiverTimeout_Config                   build/stm32l4xx_hal_uart.o
HAL_UART_RxCpltCallback                           build/stm32l4xx_hal_uart.o
HAL_UART_RxHalfCpltCallback                       build/stm32l4xx_hal_uart.o
HAL_UART_Transmit                                 build/stm32l4xx_hal_uart.o
HAL_UART_Transmit_DMA                             build/stm32l4xx_hal_uart.o
HAL_UART_Transmit_IT                              build/stm32l4xx_hal_uart.o
HAL_UART_TxCpltCallback                           build/stm32l4xx_hal_uart.o
HAL_UART_TxHalfCpltCallback                       build/stm32l4xx_hal_uart.o
HardFault_Handler                                 build/stm32l4xx_it.o
I2C1_ER_IRQHandler                                build/startup_stm32l475xx.o
I2C1_EV_IRQHandler                                build/startup_stm32l475xx.o
I2C2_ER_IRQHandler                                build/startup_stm32l475xx.o
I2C2_EV_IRQHandler                                build/startup_stm32l475xx.o
I2C3_ER_IRQHandler                                build/startup_stm32l475xx.o
I2C3_EV_IRQHandler                                build/startup_stm32l475xx.o
LPTIM1_IRQHandler                                 build/startup_stm32l475xx.o
LPTIM2_IRQHandler                                 build/startup_stm32l475xx.o
LPUART1_IRQHandler                                build/startup_stm32l475xx.o
MSIRangeTable                                     build/system_stm32l4xx.o
                                                  build/stm32l4xx_hal_rcc_ex.o
                                                  build/stm32l4xx_hal_rcc.o
MX_DFSDM1_Init                                    build/dfsdm.o
MX_GPIO_Init                                      build/gpio.o
MX_I2C2_Init                                      build/i2c.o
MX_QUADSPI_Init                                   build/quadspi.o
MX_SPI3_Init                                      build/spi.o
MX_USART1_UART_Init                               build/usart.o
MX_USART3_UART_Init                               build/usart.o
MX_USB_OTG_FS_PCD_Init                            build/usb_otg.o
MemManage_Handler                                 build/stm32l4xx_it.o
NMI_Handler                                       build/stm32l4xx_it.o
OTG_FS_IRQHandler                                 build/startup_stm32l475xx.o
PINPOS                                            build/HAL_GPIO.o
PVD_PVM_IRQHandler                                build/startup_stm32l475xx.o
PendSV_Handler                                    build/stm32l4xx_it.o
QUADSPI_IRQHandler                                build/startup_stm32l475xx.o
RCC_IRQHandler                                    build/startup_stm32l475xx.o
RNG_IRQHandler                                    build/startup_stm32l475xx.o
RTC_Alarm_IRQHandler                              build/startup_stm32l475xx.o
RTC_WKUP_IRQHandler                               build/startup_stm32l475xx.o
Reset_Handler                                     build/startup_stm32l475xx.o
SAI1_IRQHandler                                   build/startup_stm32l475xx.o
SAI2_IRQHandler                                   build/startup_stm32l475xx.o
SDMMC1_IRQHandler                                 build/startup_stm32l475xx.o
SPI1_IRQHandler                                   build/startup_stm32l475xx.o
SPI2_IRQHandler                                   build/startup_stm32l475xx.o
SPI3_IRQHandler                                   build/startup_stm32l475xx.o
SVC_Handler                                       build/stm32l4xx_it.o
SWPMI1_IRQHandler                                 build/startup_stm32l475xx.o
SysTick_Handler                                   build/stm32l4xx_it.o
SystemCoreClock                                   build/system_stm32l4xx.o
                                                  build/stm32l4xx_hal_spi.o
                                                  build/stm32l4xx_hal_pwr_ex.o
                                                  build/stm32l4xx_hal_rcc.o
                                                  build/stm32l4xx_hal.o
SystemCoreClockUpdate                             build/system_stm32l4xx.o
SystemInit                                        build/system_stm32l4xx.o
                                                  build/startup_stm32l475xx.o
TAMP_STAMP_IRQHandler                             build/startup_stm32l475xx.o
TIM1_BRK_TIM15_IRQHandler                         build/startup_stm32l475xx.o
TIM1_CC_IRQHandler                                build/startup_stm32l475xx.o
TIM1_TRG_COM_TIM17_IRQHandler                     build/startup_stm32l475xx.o
TIM1_UP_TIM16_IRQHandler                          build/startup_stm32l475xx.o
TIM2_IRQHandler                                   build/startup_stm32l475xx.o
TIM3_IRQHandler                                   build/startup_stm32l475xx.o
TIM4_IRQHandler                                   build/startup_stm32l475xx.o
TIM5_IRQHandler                                   build/startup_stm32l475xx.o
TIM6_DAC_IRQHandler                               build/startup_stm32l475xx.o
TIM7_IRQHandler                                   build/startup_stm32l475xx.o
TIM8_BRK_IRQHandler                               build/startup_stm32l475xx.o
TIM8_CC_IRQHandler                                build/startup_stm32l475xx.o
TIM8_TRG_COM_IRQHandler                           build/startup_stm32l475xx.o
TIM8_UP_IRQHandler                                build/startup_stm32l475xx.o
TSC_IRQHandler                                    build/startup_stm32l475xx.o
UART4_IRQHandler                                  build/startup_stm32l475xx.o
UART5_IRQHandler                                  build/startup_stm32l475xx.o
UART_AdvFeatureConfig                             build/stm32l4xx_hal_uart.o
                                                  build/stm32l4xx_hal_uart_ex.o
UART_CheckIdleState                               build/stm32l4xx_hal_uart.o
                                                  build/stm32l4xx_hal_uart_ex.o
UART_SetConfig                                    build/stm32l4xx_hal_uart.o
                                                  build/stm32l4xx_hal_uart_ex.o
UART_Start_Receive_DMA                            build/stm32l4xx_hal_uart.o
                                                  build/stm32l4xx_hal_uart_ex.o
UART_Start_Receive_IT                             build/stm32l4xx_hal_uart.o
                                                  build/stm32l4xx_hal_uart_ex.o
UART_WaitOnFlagUntilTimeout                       build/stm32l4xx_hal_uart.o
                                                  build/stm32l4xx_hal_uart_ex.o
USART1_IRQHandler                                 build/startup_stm32l475xx.o
USART2_IRQHandler                                 build/startup_stm32l475xx.o
USART3_IRQHandler                                 build/startup_stm32l475xx.o
USB_ActivateDedicatedEndpoint                     build/stm32l4xx_ll_usb.o
USB_ActivateEndpoint                              build/stm32l4xx_ll_usb.o
                                                  build/stm32l4xx_hal_pcd.o
USB_ActivateRemoteWakeup                          build/stm32l4xx_ll_usb.o
                                                  build/stm32l4xx_hal_pcd.o
USB_ActivateSetup                                 build/stm32l4xx_ll_usb.o
                                                  build/stm32l4xx_hal_pcd.o
USB_ClearInterrupts                               build/stm32l4xx_ll_usb.o
USB_CoreInit                                      build/stm32l4xx_ll_usb.o
                                                  build/stm32l4xx_hal_pcd.o
USB_DeActivateRemoteWakeup                        build/stm32l4xx_ll_usb.o
                                                  build/stm32l4xx_hal_pcd.o
USB_DeactivateDedicatedEndpoint                   build/stm32l4xx_ll_usb.o
USB_DeactivateEndpoint                            build/stm32l4xx_ll_usb.o
                                                  build/stm32l4xx_hal_pcd.o
USB_DevConnect                                    build/stm32l4xx_ll_usb.o
                                                  build/stm32l4xx_hal_pcd.o
USB_DevDisconnect                                 build/stm32l4xx_ll_usb.o
                                                  build/stm32l4xx_hal_pcd.o
USB_DevInit                                       build/stm32l4xx_ll_usb.o
                                                  build/stm32l4xx_hal_pcd.o
USB_DisableGlobalInt                              build/stm32l4xx_ll_usb.o
                                                  build/stm32l4xx_hal_pcd.o
USB_DoPing                                        build/stm32l4xx_ll_usb.o
USB_DriveVbus                                     build/stm32l4xx_ll_usb.o
USB_EP0StartXfer                                  build/stm32l4xx_ll_usb.o
                                                  build/stm32l4xx_hal_pcd.o
USB_EP0_OutStart                                  build/stm32l4xx_ll_usb.o
                                                  build/stm32l4xx_hal_pcd.o
USB_EPClearStall                                  build/stm32l4xx_ll_usb.o
                                                  build/stm32l4xx_hal_pcd.o
USB_EPSetStall                                    build/stm32l4xx_ll_usb.o
                                                  build/stm32l4xx_hal_pcd.o
USB_EPStartXfer                                   build/stm32l4xx_ll_usb.o
                                                  build/stm32l4xx_hal_pcd.o
USB_EPStopXfer                                    build/stm32l4xx_ll_usb.o
                                                  build/stm32l4xx_hal_pcd.o
USB_EnableGlobalInt                               build/stm32l4xx_ll_usb.o
                                                  build/stm32l4xx_hal_pcd.o
USB_FlushRxFifo                                   build/stm32l4xx_ll_usb.o
                                                  build/stm32l4xx_hal_pcd.o
USB_FlushTxFifo                                   build/stm32l4xx_ll_usb.o
                                                  build/stm32l4xx_hal_pcd.o
USB_GetCurrentFrame                               build/stm32l4xx_ll_usb.o
USB_GetDevSpeed                                   build/stm32l4xx_ll_usb.o
                                                  build/stm32l4xx_hal_pcd.o
USB_GetHostSpeed                                  build/stm32l4xx_ll_usb.o
USB_GetMode                                       build/stm32l4xx_ll_usb.o
                                                  build/stm32l4xx_hal_pcd.o
USB_HC_Halt                                       build/stm32l4xx_ll_usb.o
USB_HC_Init                                       build/stm32l4xx_ll_usb.o
USB_HC_ReadInterrupt                              build/stm32l4xx_ll_usb.o
USB_HC_StartXfer                                  build/stm32l4xx_ll_usb.o
USB_HostInit                                      build/stm32l4xx_ll_usb.o
USB_InitFSLSPClkSel                               build/stm32l4xx_ll_usb.o
USB_ReadDevAllInEpInterrupt                       build/stm32l4xx_ll_usb.o
                                                  build/stm32l4xx_hal_pcd.o
USB_ReadDevAllOutEpInterrupt                      build/stm32l4xx_ll_usb.o
                                                  build/stm32l4xx_hal_pcd.o
USB_ReadDevInEPInterrupt                          build/stm32l4xx_ll_usb.o
                                                  build/stm32l4xx_hal_pcd.o
USB_ReadDevOutEPInterrupt                         build/stm32l4xx_ll_usb.o
                                                  build/stm32l4xx_hal_pcd.o
USB_ReadInterrupts                                build/stm32l4xx_ll_usb.o
                                                  build/stm32l4xx_hal_pcd.o
USB_ReadPacket                                    build/stm32l4xx_ll_usb.o
                                                  build/stm32l4xx_hal_pcd.o
USB_ResetPort                                     build/stm32l4xx_ll_usb.o
USB_SetCurrentMode                                build/stm32l4xx_ll_usb.o
                                                  build/stm32l4xx_hal_pcd.o
USB_SetDevAddress                                 build/stm32l4xx_ll_usb.o
                                                  build/stm32l4xx_hal_pcd.o
USB_SetDevSpeed                                   build/stm32l4xx_ll_usb.o
USB_SetTurnaroundTime                             build/stm32l4xx_ll_usb.o
                                                  build/stm32l4xx_hal_pcd.o
USB_StopDevice                                    build/stm32l4xx_ll_usb.o
                                                  build/stm32l4xx_hal_pcd.o
USB_StopHost                                      build/stm32l4xx_ll_usb.o
USB_WritePacket                                   build/stm32l4xx_ll_usb.o
                                                  build/stm32l4xx_hal_pcd.o
UsageFault_Handler                                build/stm32l4xx_it.o
WWDG_IRQHandler                                   build/startup_stm32l475xx.o
__aeabi_idiv0                                     c:/tools/gcc-arm-none-eabi-10.3-2021.10-win32/gcc-arm-none-eabi-10.3-2021.10/bin/../lib/gcc/arm-none-eabi/10.3.1/thumb/v7e-m+fp/hard\libgcc.a(_dvmd_tls.o)
__aeabi_ldiv0                                     c:/tools/gcc-arm-none-eabi-10.3-2021.10-win32/gcc-arm-none-eabi-10.3-2021.10/bin/../lib/gcc/arm-none-eabi/10.3.1/thumb/v7e-m+fp/hard\libgcc.a(_dvmd_tls.o)
                                                  c:/tools/gcc-arm-none-eabi-10.3-2021.10-win32/gcc-arm-none-eabi-10.3-2021.10/bin/../lib/gcc/arm-none-eabi/10.3.1/thumb/v7e-m+fp/hard\libgcc.a(_aeabi_uldivmod.o)
__aeabi_uldivmod                                  c:/tools/gcc-arm-none-eabi-10.3-2021.10-win32/gcc-arm-none-eabi-10.3-2021.10/bin/../lib/gcc/arm-none-eabi/10.3.1/thumb/v7e-m+fp/hard\libgcc.a(_aeabi_uldivmod.o)
                                                  build/stm32l4xx_hal_uart.o
__bss_end__                                       c:/tools/gcc-arm-none-eabi-10.3-2021.10-win32/gcc-arm-none-eabi-10.3-2021.10/bin/../lib/gcc/arm-none-eabi/10.3.1/../../../../arm-none-eabi/lib/thumb/v7e-m+fp/hard/crt0.o
__bss_start__                                     c:/tools/gcc-arm-none-eabi-10.3-2021.10-win32/gcc-arm-none-eabi-10.3-2021.10/bin/../lib/gcc/arm-none-eabi/10.3.1/../../../../arm-none-eabi/lib/thumb/v7e-m+fp/hard/crt0.o
__call_exitprocs                                  c:/tools/gcc-arm-none-eabi-10.3-2021.10-win32/gcc-arm-none-eabi-10.3-2021.10/bin/../lib/gcc/arm-none-eabi/10.3.1/../../../../arm-none-eabi/lib/thumb/v7e-m+fp/hard\libc_nano.a(lib_a-exit.o)
__deregister_frame_info                           c:/tools/gcc-arm-none-eabi-10.3-2021.10-win32/gcc-arm-none-eabi-10.3-2021.10/bin/../lib/gcc/arm-none-eabi/10.3.1/thumb/v7e-m+fp/hard/crtbegin.o
__dso_handle                                      c:/tools/gcc-arm-none-eabi-10.3-2021.10-win32/gcc-arm-none-eabi-10.3-2021.10/bin/../lib/gcc/arm-none-eabi/10.3.1/thumb/v7e-m+fp/hard/crtbegin.o
__init_array_end                                  c:/tools/gcc-arm-none-eabi-10.3-2021.10-win32/gcc-arm-none-eabi-10.3-2021.10/bin/../lib/gcc/arm-none-eabi/10.3.1/../../../../arm-none-eabi/lib/thumb/v7e-m+fp/hard\libc_nano.a(lib_a-init.o)
__init_array_start                                c:/tools/gcc-arm-none-eabi-10.3-2021.10-win32/gcc-arm-none-eabi-10.3-2021.10/bin/../lib/gcc/arm-none-eabi/10.3.1/../../../../arm-none-eabi/lib/thumb/v7e-m+fp/hard\libc_nano.a(lib_a-init.o)
__libc_fini_array                                 c:/tools/gcc-arm-none-eabi-10.3-2021.10-win32/gcc-arm-none-eabi-10.3-2021.10/bin/../lib/gcc/arm-none-eabi/10.3.1/../../../../arm-none-eabi/lib/thumb/v7e-m+fp/hard/crt0.o
__libc_init_array                                 c:/tools/gcc-arm-none-eabi-10.3-2021.10-win32/gcc-arm-none-eabi-10.3-2021.10/bin/../lib/gcc/arm-none-eabi/10.3.1/../../../../arm-none-eabi/lib/thumb/v7e-m+fp/hard\libc_nano.a(lib_a-init.o)
                                                  build/startup_stm32l475xx.o
                                                  c:/tools/gcc-arm-none-eabi-10.3-2021.10-win32/gcc-arm-none-eabi-10.3-2021.10/bin/../lib/gcc/arm-none-eabi/10.3.1/../../../../arm-none-eabi/lib/thumb/v7e-m+fp/hard/crt0.o
__preinit_array_end                               c:/tools/gcc-arm-none-eabi-10.3-2021.10-win32/gcc-arm-none-eabi-10.3-2021.10/bin/../lib/gcc/arm-none-eabi/10.3.1/../../../../arm-none-eabi/lib/thumb/v7e-m+fp/hard\libc_nano.a(lib_a-init.o)
__preinit_array_start                             c:/tools/gcc-arm-none-eabi-10.3-2021.10-win32/gcc-arm-none-eabi-10.3-2021.10/bin/../lib/gcc/arm-none-eabi/10.3.1/../../../../arm-none-eabi/lib/thumb/v7e-m+fp/hard\libc_nano.a(lib_a-init.o)
__register_frame_info                             c:/tools/gcc-arm-none-eabi-10.3-2021.10-win32/gcc-arm-none-eabi-10.3-2021.10/bin/../lib/gcc/arm-none-eabi/10.3.1/thumb/v7e-m+fp/hard/crtbegin.o
__sf_fake_stderr                                  c:/tools/gcc-arm-none-eabi-10.3-2021.10-win32/gcc-arm-none-eabi-10.3-2021.10/bin/../lib/gcc/arm-none-eabi/10.3.1/../../../../arm-none-eabi/lib/thumb/v7e-m+fp/hard\libc_nano.a(lib_a-impure.o)
__sf_fake_stdin                                   c:/tools/gcc-arm-none-eabi-10.3-2021.10-win32/gcc-arm-none-eabi-10.3-2021.10/bin/../lib/gcc/arm-none-eabi/10.3.1/../../../../arm-none-eabi/lib/thumb/v7e-m+fp/hard\libc_nano.a(lib_a-impure.o)
__sf_fake_stdout                                  c:/tools/gcc-arm-none-eabi-10.3-2021.10-win32/gcc-arm-none-eabi-10.3-2021.10/bin/../lib/gcc/arm-none-eabi/10.3.1/../../../../arm-none-eabi/lib/thumb/v7e-m+fp/hard\libc_nano.a(lib_a-impure.o)
__stack                                           c:/tools/gcc-arm-none-eabi-10.3-2021.10-win32/gcc-arm-none-eabi-10.3-2021.10/bin/../lib/gcc/arm-none-eabi/10.3.1/../../../../arm-none-eabi/lib/thumb/v7e-m+fp/hard/crt0.o
__udivmoddi4                                      c:/tools/gcc-arm-none-eabi-10.3-2021.10-win32/gcc-arm-none-eabi-10.3-2021.10/bin/../lib/gcc/arm-none-eabi/10.3.1/thumb/v7e-m+fp/hard\libgcc.a(_udivmoddi4.o)
                                                  c:/tools/gcc-arm-none-eabi-10.3-2021.10-win32/gcc-arm-none-eabi-10.3-2021.10/bin/../lib/gcc/arm-none-eabi/10.3.1/thumb/v7e-m+fp/hard\libgcc.a(_aeabi_uldivmod.o)
_ebss                                             build/startup_stm32l475xx.o
_edata                                            build/startup_stm32l475xx.o
_estack                                           build/startup_stm32l475xx.o
_exit                                             c:/tools/gcc-arm-none-eabi-10.3-2021.10-win32/gcc-arm-none-eabi-10.3-2021.10/bin/../lib/gcc/arm-none-eabi/10.3.1/../../../../arm-none-eabi/lib/thumb/v7e-m+fp/hard\libnosys.a(_exit.o)
                                                  c:/tools/gcc-arm-none-eabi-10.3-2021.10-win32/gcc-arm-none-eabi-10.3-2021.10/bin/../lib/gcc/arm-none-eabi/10.3.1/../../../../arm-none-eabi/lib/thumb/v7e-m+fp/hard\libc_nano.a(lib_a-exit.o)
_fini                                             c:/tools/gcc-arm-none-eabi-10.3-2021.10-win32/gcc-arm-none-eabi-10.3-2021.10/bin/../lib/gcc/arm-none-eabi/10.3.1/thumb/v7e-m+fp/hard/crti.o
_global_impure_ptr                                c:/tools/gcc-arm-none-eabi-10.3-2021.10-win32/gcc-arm-none-eabi-10.3-2021.10/bin/../lib/gcc/arm-none-eabi/10.3.1/../../../../arm-none-eabi/lib/thumb/v7e-m+fp/hard\libc_nano.a(lib_a-impure.o)